--- Start BURT header
Time:     Mon May  28 10:21:35 2015
Login ID: carlino (Terry Carlino,Bldg 85 Rm 116,269-5827,)
Eff  UID: 1171
Group ID: 106
Keywords:
Comments:  Turn on SVT HV
Type:     Absolute
--- End BURT header
R1S10B:HVPB_ON  1 1
R1S10T:HVPB_ON  1 1
R1S1B:HVPB_ON   1 1
R1S1T:HVPB_ON   1 1
R1S2B:HVPB_ON   1 1
R1S2T:HVPB_ON   1 1
R1S3B:HVPB_ON   1 1
R1S3T:HVPB_ON   1 1
R1S4B:HVPB_ON   1 1
R1S4T:HVPB_ON   1 1
R1S5B:HVPB_ON   1 1
R1S5T:HVPB_ON   1 1
R1S6B:HVPB_ON   1 1
R1S6T:HVPB_ON   1 1
R1S7B:HVPB_ON   1 1
R1S7T:HVPB_ON   1 1
R1S8B:HVPB_ON   1 1
R1S8T:HVPB_ON   1 1
R1S9B:HVPB_ON   1 1
R1S9T:HVPB_ON   1 1
R2S10B:HVPB_ON  1 1
R2S10T:HVPB_ON  1 1
R2S11B:HVPB_ON  1 1
R2S11T:HVPB_ON  1 1
R2S12B:HVPB_ON  1 1
R2S12T:HVPB_ON  1 1
R2S13B:HVPB_ON  1 1
R2S13T:HVPB_ON  1 1
R2S14B:HVPB_ON  1 1
R2S14T:HVPB_ON  1 1
R2S1B:HVPB_ON   1 1
R2S1T:HVPB_ON   1 1
R2S2B:HVPB_ON   1 1
R2S2T:HVPB_ON   1 1
R2S3B:HVPB_ON   1 1
R2S3T:HVPB_ON   1 1
R2S4B:HVPB_ON   1 1
R2S4T:HVPB_ON   1 1
R2S5B:HVPB_ON   1 1
R2S5T:HVPB_ON   1 1
R2S6B:HVPB_ON   1 1
R2S6T:HVPB_ON   1 1
R2S7B:HVPB_ON   1 1
R2S7T:HVPB_ON   1 1
R2S8B:HVPB_ON   1 1
R2S8T:HVPB_ON   1 1
R2S9B:HVPB_ON   1 1
R2S9T:HVPB_ON   1 1
R3S10B:HVPB_ON  1 1
R3S10T:HVPB_ON  1 1
R3S11B:HVPB_ON  1 1
R3S11T:HVPB_ON  1 1
R3S12B:HVPB_ON  1 1
R3S12T:HVPB_ON  1 1
R3S13B:HVPB_ON  1 1
R3S13T:HVPB_ON  1 1
R3S14B:HVPB_ON  1 1
R3S14T:HVPB_ON  1 1
R3S15B:HVPB_ON  1 1
R3S15T:HVPB_ON  1 1
R3S16B:HVPB_ON  1 1
R3S16T:HVPB_ON  1 1
R3S17B:HVPB_ON  1 1
R3S17T:HVPB_ON  1 1
R3S18B:HVPB_ON  1 1
R3S18T:HVPB_ON  1 1
R3S1B:HVPB_ON   1 1
R3S1T:HVPB_ON   1 1
R3S2B:HVPB_ON   1 1
R3S2T:HVPB_ON   1 1
R3S3B:HVPB_ON   1 1
R3S3T:HVPB_ON   1 1
R3S4B:HVPB_ON   1 1
R3S4T:HVPB_ON   1 1
R3S5B:HVPB_ON   1 1
R3S5T:HVPB_ON   1 1
R3S6B:HVPB_ON   1 1
R3S6T:HVPB_ON   1 1
R3S7B:HVPB_ON   1 1
R3S7T:HVPB_ON   1 1
R3S8B:HVPB_ON   1 1
R3S8T:HVPB_ON   1 1
R3S9B:HVPB_ON   1 1
R3S9T:HVPB_ON   1 1
R4S10B:HVPB_ON  1 1
R4S10T:HVPB_ON  1 1
R4S11B:HVPB_ON  1 1
R4S11T:HVPB_ON  1 1
R4S12B:HVPB_ON  1 1
R4S12T:HVPB_ON  1 1
R4S13B:HVPB_ON  1 1
R4S13T:HVPB_ON  1 1
R4S14B:HVPB_ON  1 1
R4S14T:HVPB_ON  1 1
R4S15B:HVPB_ON  1 1
R4S15T:HVPB_ON  1 1
R4S16B:HVPB_ON  1 1
R4S16T:HVPB_ON  1 1
R4S17B:HVPB_ON  1 1
R4S17T:HVPB_ON  1 1
R4S18B:HVPB_ON  1 1
R4S18T:HVPB_ON  1 1
R4S19B:HVPB_ON  1 1
R4S19T:HVPB_ON  1 1
R4S20B:HVPB_ON  1 1
R4S20T:HVPB_ON  1 1
R4S21B:HVPB_ON  1 1
R4S21T:HVPB_ON  1 1
R4S22B:HVPB_ON  1 1
R4S22T:HVPB_ON  1 1
R4S23B:HVPB_ON  1 1
R4S23T:HVPB_ON  1 1
R4S24B:HVPB_ON  1 1
R4S24T:HVPB_ON  1 1
R4S1B:HVPB_ON   1 1
R4S1T:HVPB_ON   1 1
R4S2B:HVPB_ON   1 1
R4S2T:HVPB_ON   1 1
R4S3B:HVPB_ON   1 1
R4S3T:HVPB_ON   1 1
R4S4B:HVPB_ON   1 1
R4S4T:HVPB_ON   1 1
R4S5B:HVPB_ON   1 1
R4S5T:HVPB_ON   1 1
R4S6B:HVPB_ON   1 1
R4S6T:HVPB_ON   1 1
R4S7B:HVPB_ON   1 1
R4S7T:HVPB_ON   1 1
R4S8B:HVPB_ON   1 1
R4S8T:HVPB_ON   1 1
R4S9B:HVPB_ON   1 1
R4S9T:HVPB_ON   1 1
