--- Start Burt header
Time: Wed Mar 16 15:26:22 2016
Login ID: withers (Sue Witherspoon,,,)
Eff UID: 766
Group ID: 106
Keywords:
Comments:
Type: Absolute
App: myRestore 2.6.1
Req File: svtTemps
--- End Burt header
  RO B_SVT_TEMP_R1S1B_Slot2 1 192.655
  RO B_SVT_TEMP_R1S1T_Slot2 1 192.708
  RO B_SVT_TEMP_R1S2B_Slot2 1 192.666
  RO B_SVT_TEMP_R1S2T_Slot2 1 192.661
  RO B_SVT_TEMP_R1S3B_Slot2 1 192.662
  RO B_SVT_TEMP_R1S3T_Slot2 1 192.65
  RO B_SVT_TEMP_R1S4B_Slot2 1 192.669
  RO B_SVT_TEMP_R1S4T_Slot2 1 192.653
  RO B_SVT_TEMP_R1S5B_Slot2 1 192.661
  RO B_SVT_TEMP_R1S5T_Slot2 1 192.655
  RO B_SVT_TEMP_R1S6B_Slot2 1 192.666
  RO B_SVT_TEMP_R1S6T_Slot2 1 192.662
  RO B_SVT_TEMP_R1S7B_Slot2 1 192.672
  RO B_SVT_TEMP_R1S7T_Slot2 1 192.675
  RO B_SVT_TEMP_R1S8B_Slot2 1 192.658
  RO B_SVT_TEMP_R1S8T_Slot2 1 192.669
  RO B_SVT_TEMP_R1S9B_Slot3 1 192.663
  RO B_SVT_TEMP_R1S9T_Slot3 1 192.67
  RO B_SVT_TEMP_R1S10B_Slot3 1 192.668
  RO B_SVT_TEMP_R1S10T_Slot3 1 192.659
  RO B_SVT_TEMP_R2S1B_Slot3 1 192.675
  RO B_SVT_TEMP_R2S1T_Slot3 1 192.661
  RO B_SVT_TEMP_R2S2B_Slot3 1 192.672
  RO B_SVT_TEMP_R2S2T_Slot3 1 192.651
  RO B_SVT_TEMP_R2S3B_Slot3 1 192.667
  RO B_SVT_TEMP_R2S3T_Slot3 1 192.67
  RO B_SVT_TEMP_R2S4B_Slot3 1 192.667
  RO B_SVT_TEMP_R2S4T_Slot3 1 192.669
  RO B_SVT_TEMP_R2S5B_Slot3 1 192.67
  RO B_SVT_TEMP_R2S5T_Slot3 1 192.669
  RO B_SVT_TEMP_R2S6B_Slot3 1 192.677
  RO B_SVT_TEMP_R2S6T_Slot3 1 192.679
  RO B_SVT_TEMP_R2S7B_Slot4 1 192.665
  RO B_SVT_TEMP_R2S7T_Slot4 1 192.664
  RO B_SVT_TEMP_R2S8B_Slot4 1 192.669
  RO B_SVT_TEMP_R2S8T_Slot4 1 192.67
  RO B_SVT_TEMP_R2S9B_Slot4 1 192.666
  RO B_SVT_TEMP_R2S9T_Slot4 1 192.666
  RO B_SVT_TEMP_R2S10B_Slot4 1 192.661
  RO B_SVT_TEMP_R2S10T_Slot4 1 192.673
  RO B_SVT_TEMP_R2S11B_Slot4 1 192.65
  RO B_SVT_TEMP_R2S11T_Slot4 1 192.667
  RO B_SVT_TEMP_R2S12B_Slot4 1 192.678
  RO B_SVT_TEMP_R2S12T_Slot4 1 192.669
  RO B_SVT_TEMP_R2S13B_Slot4 1 192.666
  RO B_SVT_TEMP_R2S13T_Slot4 1 192.674
  RO B_SVT_TEMP_R2S14B_Slot4 1 192.674
  RO B_SVT_TEMP_R2S14T_Slot4 1 192.667
  RO B_SVT_TEMP_R3S1B_Slot5 1 192.67
  RO B_SVT_TEMP_R3S1T_Slot5 1 192.656
  RO B_SVT_TEMP_R3S2B_Slot5 1 192.672
  RO B_SVT_TEMP_R3S2T_Slot5 1 192.654
  RO B_SVT_TEMP_R3S3B_Slot5 1 192.669
  RO B_SVT_TEMP_R3S3T_Slot5 1 192.668
  RO B_SVT_TEMP_R3S4B_Slot5 1 192.67
  RO B_SVT_TEMP_R3S4T_Slot5 1 192.671
  RO B_SVT_TEMP_R3S5B_Slot5 1 192.663
  RO B_SVT_TEMP_R3S5T_Slot5 1 192.671
  RO B_SVT_TEMP_R3S6B_Slot5 1 192.673
  RO B_SVT_TEMP_R3S6T_Slot5 1 192.657
  RO B_SVT_TEMP_R3S7B_Slot5 1 192.665
  RO B_SVT_TEMP_R3S7T_Slot5 1 192.666
  RO B_SVT_TEMP_R3S8B_Slot5 1 192.668
  RO B_SVT_TEMP_R3S8T_Slot5 1 192.676
  RO B_SVT_TEMP_R3S9B_Slot6 1 192.671
  RO B_SVT_TEMP_R3S9T_Slot6 1 192.664
  RO B_SVT_TEMP_R3S10B_Slot6 1 192.658
  RO B_SVT_TEMP_R3S10T_Slot6 1 192.671
  RO B_SVT_TEMP_R3S11B_Slot6 1 192.651
  RO B_SVT_TEMP_R3S11T_Slot6 1 192.653
  RO B_SVT_TEMP_R3S12B_Slot6 1 192.669
  RO B_SVT_TEMP_R3S12T_Slot6 1 192.659
  RO B_SVT_TEMP_R3S13B_Slot6 1 192.668
  RO B_SVT_TEMP_R3S13T_Slot6 1 192.676
  RO B_SVT_TEMP_R3S14B_Slot6 1 192.664
  RO B_SVT_TEMP_R3S14T_Slot6 1 192.667
  RO B_SVT_TEMP_R3S15B_Slot6 1 192.671
  RO B_SVT_TEMP_R3S15T_Slot6 1 192.664
  RO B_SVT_TEMP_R3S16B_Slot6 1 192.68
  RO B_SVT_TEMP_R3S16T_Slot6 1 192.674
  RO B_SVT_TEMP_R3S17B_Slot7 1 192.669
  RO B_SVT_TEMP_R3S17T_Slot7 1 192.659
  RO B_SVT_TEMP_R3S18B_Slot7 1 192.676
  RO B_SVT_TEMP_R3S18T_Slot7 1 192.67
  RO B_SVT_TEMP_R4S1B_Slot8 1 192.669
  RO B_SVT_TEMP_R4S1T_Slot8 1 192.667
  RO B_SVT_TEMP_R4S2B_Slot8 1 192.666
  RO B_SVT_TEMP_R4S2T_Slot8 1 192.666
  RO B_SVT_TEMP_R4S3B_Slot8 1 192.669
  RO B_SVT_TEMP_R4S3T_Slot8 1 192.663
  RO B_SVT_TEMP_R4S4B_Slot8 1 192.668
  RO B_SVT_TEMP_R4S4T_Slot8 1 192.67
  RO B_SVT_TEMP_R4S5B_Slot8 1 192.665
  RO B_SVT_TEMP_R4S5T_Slot8 1 192.663
  RO B_SVT_TEMP_R4S6B_Slot8 1 192.673
  RO B_SVT_TEMP_R4S6T_Slot8 1 192.661
  RO B_SVT_TEMP_R4S7B_Slot8 1 192.67
  RO B_SVT_TEMP_R4S7T_Slot8 1 192.67
  RO B_SVT_TEMP_R4S8B_Slot8 1 192.675
  RO B_SVT_TEMP_R4S8T_Slot8 1 192.669
  RO B_SVT_TEMP_R4S9B_Slot9 1 192.659
  RO B_SVT_TEMP_R4S9T_Slot9 1 192.663
  RO B_SVT_TEMP_R4S10B_Slot9 1 192.654
  RO B_SVT_TEMP_R4S10T_Slot9 1 192.662
  RO B_SVT_TEMP_R4S11B_Slot9 1 192.675
  RO B_SVT_TEMP_R4S11T_Slot9 1 192.663
  RO B_SVT_TEMP_R4S12B_Slot9 1 192.671
  RO B_SVT_TEMP_R4S12T_Slot9 1 192.674
  RO B_SVT_TEMP_R4S13B_Slot9 1 192.67
  RO B_SVT_TEMP_R4S13T_Slot9 1 192.659
  RO B_SVT_TEMP_R4S14B_Slot9 1 192.665
  RO B_SVT_TEMP_R4S14T_Slot9 1 192.667
  RO B_SVT_TEMP_R4S15B_Slot9 1 192.663
  RO B_SVT_TEMP_R4S15T_Slot9 1 192.662
  RO B_SVT_TEMP_R4S16B_Slot9 1 192.676
  RO B_SVT_TEMP_R4S16T_Slot9 1 192.656
  RO B_SVT_TEMP_R4S17B_Slot10 1 192.652
  RO B_SVT_TEMP_R4S17T_Slot10 1 192.663
  RO B_SVT_TEMP_R4S18B_Slot10 1 192.66
  RO B_SVT_TEMP_R4S18T_Slot10 1 192.669
  RO B_SVT_TEMP_R4S19B_Slot10 1 192.665
  RO B_SVT_TEMP_R4S19T_Slot10 1 192.665
  RO B_SVT_TEMP_R4S20B_Slot10 1 192.665
  RO B_SVT_TEMP_R4S20T_Slot10 1 192.672
  RO B_SVT_TEMP_R4S21B_Slot10 1 192.662
  RO B_SVT_TEMP_R4S21T_Slot10 1 192.66
  RO B_SVT_TEMP_R4S22B_Slot10 1 192.667
  RO B_SVT_TEMP_R4S22T_Slot10 1 192.665
  RO B_SVT_TEMP_R4S23B_Slot10 1 192.673
  RO B_SVT_TEMP_R4S23T_Slot10 1 192.679
  RO B_SVT_TEMP_R4S24B_Slot10 1 192.652
  RO B_SVT_TEMP_R4S24T_Slot10 1 192.671
  B_SVT_TEMP_R1S1B_Slot2.HIHI 1 33
  B_SVT_TEMP_R1S1T_Slot2.HIHI 1 33
  B_SVT_TEMP_R1S2B_Slot2.HIHI 1 33
  B_SVT_TEMP_R1S2T_Slot2.HIHI 1 33
  B_SVT_TEMP_R1S3B_Slot2.HIHI 1 33
  B_SVT_TEMP_R1S3T_Slot2.HIHI 1 33
  B_SVT_TEMP_R1S4B_Slot2.HIHI 1 33
  B_SVT_TEMP_R1S4T_Slot2.HIHI 1 33
  B_SVT_TEMP_R1S5B_Slot2.HIHI 1 33
  B_SVT_TEMP_R1S5T_Slot2.HIHI 1 33
  B_SVT_TEMP_R1S6B_Slot2.HIHI 1 33
  B_SVT_TEMP_R1S6T_Slot2.HIHI 1 33
  B_SVT_TEMP_R1S7B_Slot2.HIHI 1 33
  B_SVT_TEMP_R1S7T_Slot2.HIHI 1 33
  B_SVT_TEMP_R1S8B_Slot2.HIHI 1 33
  B_SVT_TEMP_R1S8T_Slot2.HIHI 1 33
  B_SVT_TEMP_R1S9B_Slot3.HIHI 1 33
  B_SVT_TEMP_R1S9T_Slot3.HIHI 1 33
  B_SVT_TEMP_R1S10B_Slot3.HIHI 1 33
  B_SVT_TEMP_R1S10T_Slot3.HIHI 1 33
  B_SVT_TEMP_R2S1B_Slot3.HIHI 1 33
  B_SVT_TEMP_R2S1T_Slot3.HIHI 1 33
  B_SVT_TEMP_R2S2B_Slot3.HIHI 1 33
  B_SVT_TEMP_R2S2T_Slot3.HIHI 1 33
  B_SVT_TEMP_R2S3B_Slot3.HIHI 1 33
  B_SVT_TEMP_R2S3T_Slot3.HIHI 1 33
  B_SVT_TEMP_R2S4B_Slot3.HIHI 1 33
  B_SVT_TEMP_R2S4T_Slot3.HIHI 1 33
  B_SVT_TEMP_R2S5B_Slot3.HIHI 1 33
  B_SVT_TEMP_R2S5T_Slot3.HIHI 1 33
  B_SVT_TEMP_R2S6B_Slot3.HIHI 1 33
  B_SVT_TEMP_R2S6T_Slot3.HIHI 1 33
  B_SVT_TEMP_R2S7B_Slot4.HIHI 1 33
  B_SVT_TEMP_R2S7T_Slot4.HIHI 1 33
  B_SVT_TEMP_R2S8B_Slot4.HIHI 1 33
  B_SVT_TEMP_R2S8T_Slot4.HIHI 1 33
  B_SVT_TEMP_R2S9B_Slot4.HIHI 1 33
  B_SVT_TEMP_R2S9T_Slot4.HIHI 1 33
  B_SVT_TEMP_R2S10B_Slot4.HIHI 1 33
  B_SVT_TEMP_R2S10T_Slot4.HIHI 1 33
  B_SVT_TEMP_R2S11B_Slot4.HIHI 1 33
  B_SVT_TEMP_R2S11T_Slot4.HIHI 1 33
  B_SVT_TEMP_R2S12B_Slot4.HIHI 1 33
  B_SVT_TEMP_R2S12T_Slot4.HIHI 1 33
  B_SVT_TEMP_R2S13B_Slot4.HIHI 1 33
  B_SVT_TEMP_R2S13T_Slot4.HIHI 1 33
  B_SVT_TEMP_R2S14B_Slot4.HIHI 1 33
  B_SVT_TEMP_R2S14T_Slot4.HIHI 1 33
  B_SVT_TEMP_R3S1B_Slot5.HIHI 1 33
  B_SVT_TEMP_R3S1T_Slot5.HIHI 1 33
  B_SVT_TEMP_R3S2B_Slot5.HIHI 1 33
  B_SVT_TEMP_R3S2T_Slot5.HIHI 1 33
  B_SVT_TEMP_R3S3B_Slot5.HIHI 1 33
  B_SVT_TEMP_R3S3T_Slot5.HIHI 1 33
  B_SVT_TEMP_R3S4B_Slot5.HIHI 1 33
  B_SVT_TEMP_R3S4T_Slot5.HIHI 1 33
  B_SVT_TEMP_R3S5B_Slot5.HIHI 1 33
  B_SVT_TEMP_R3S5T_Slot5.HIHI 1 33
  B_SVT_TEMP_R3S6B_Slot5.HIHI 1 33
  B_SVT_TEMP_R3S6T_Slot5.HIHI 1 33
  B_SVT_TEMP_R3S7B_Slot5.HIHI 1 33
  B_SVT_TEMP_R3S7T_Slot5.HIHI 1 33
  B_SVT_TEMP_R3S8B_Slot5.HIHI 1 33
  B_SVT_TEMP_R3S8T_Slot5.HIHI 1 33
  B_SVT_TEMP_R3S9B_Slot6.HIHI 1 33
  B_SVT_TEMP_R3S9T_Slot6.HIHI 1 33
  B_SVT_TEMP_R3S10B_Slot6.HIHI 1 33
  B_SVT_TEMP_R3S10T_Slot6.HIHI 1 33
  B_SVT_TEMP_R3S11B_Slot6.HIHI 1 33
  B_SVT_TEMP_R3S11T_Slot6.HIHI 1 33
  B_SVT_TEMP_R3S12B_Slot6.HIHI 1 33
  B_SVT_TEMP_R3S12T_Slot6.HIHI 1 33
  B_SVT_TEMP_R3S13B_Slot6.HIHI 1 33
  B_SVT_TEMP_R3S13T_Slot6.HIHI 1 33
  B_SVT_TEMP_R3S14B_Slot6.HIHI 1 33
  B_SVT_TEMP_R3S14T_Slot6.HIHI 1 33
  B_SVT_TEMP_R3S15B_Slot6.HIHI 1 33
  B_SVT_TEMP_R3S15T_Slot6.HIHI 1 33
  B_SVT_TEMP_R3S16B_Slot6.HIHI 1 33
  B_SVT_TEMP_R3S16T_Slot6.HIHI 1 33
  B_SVT_TEMP_R3S17B_Slot7.HIHI 1 33
  B_SVT_TEMP_R3S17T_Slot7.HIHI 1 33
  B_SVT_TEMP_R3S18B_Slot7.HIHI 1 33
  B_SVT_TEMP_R3S18T_Slot7.HIHI 1 33
  B_SVT_TEMP_R4S1B_Slot8.HIHI 1 33
  B_SVT_TEMP_R4S1T_Slot8.HIHI 1 33
  B_SVT_TEMP_R4S2B_Slot8.HIHI 1 33
  B_SVT_TEMP_R4S2T_Slot8.HIHI 1 33
  B_SVT_TEMP_R4S3B_Slot8.HIHI 1 33
  B_SVT_TEMP_R4S3T_Slot8.HIHI 1 33
  B_SVT_TEMP_R4S4B_Slot8.HIHI 1 33
  B_SVT_TEMP_R4S4T_Slot8.HIHI 1 33
  B_SVT_TEMP_R4S5B_Slot8.HIHI 1 33
  B_SVT_TEMP_R4S5T_Slot8.HIHI 1 33
  B_SVT_TEMP_R4S6B_Slot8.HIHI 1 33
  B_SVT_TEMP_R4S6T_Slot8.HIHI 1 33
  B_SVT_TEMP_R4S7B_Slot8.HIHI 1 33
  B_SVT_TEMP_R4S7T_Slot8.HIHI 1 33
  B_SVT_TEMP_R4S8B_Slot8.HIHI 1 33
  B_SVT_TEMP_R4S8T_Slot8.HIHI 1 33
  B_SVT_TEMP_R4S9B_Slot9.HIHI 1 33
  B_SVT_TEMP_R4S9T_Slot9.HIHI 1 33
  B_SVT_TEMP_R4S10B_Slot9.HIHI 1 33
  B_SVT_TEMP_R4S10T_Slot9.HIHI 1 33
  B_SVT_TEMP_R4S11B_Slot9.HIHI 1 33
  B_SVT_TEMP_R4S11T_Slot9.HIHI 1 33
  B_SVT_TEMP_R4S12B_Slot9.HIHI 1 33
  B_SVT_TEMP_R4S12T_Slot9.HIHI 1 33
  B_SVT_TEMP_R4S13B_Slot9.HIHI 1 33
  B_SVT_TEMP_R4S13T_Slot9.HIHI 1 33
  B_SVT_TEMP_R4S14B_Slot9.HIHI 1 33
  B_SVT_TEMP_R4S14T_Slot9.HIHI 1 33
  B_SVT_TEMP_R4S15B_Slot9.HIHI 1 33
  B_SVT_TEMP_R4S15T_Slot9.HIHI 1 33
  B_SVT_TEMP_R4S16B_Slot9.HIHI 1 33
  B_SVT_TEMP_R4S16T_Slot9.HIHI 1 33
  B_SVT_TEMP_R4S17B_Slot10.HIHI 1 33
  B_SVT_TEMP_R4S17T_Slot10.HIHI 1 33
  B_SVT_TEMP_R4S18B_Slot10.HIHI 1 33
  B_SVT_TEMP_R4S18T_Slot10.HIHI 1 33
  B_SVT_TEMP_R4S19B_Slot10.HIHI 1 33
  B_SVT_TEMP_R4S19T_Slot10.HIHI 1 33
  B_SVT_TEMP_R4S20B_Slot10.HIHI 1 33
  B_SVT_TEMP_R4S20T_Slot10.HIHI 1 33
  B_SVT_TEMP_R4S21B_Slot10.HIHI 1 33
  B_SVT_TEMP_R4S21T_Slot10.HIHI 1 33
  B_SVT_TEMP_R4S22B_Slot10.HIHI 1 33
  B_SVT_TEMP_R4S22T_Slot10.HIHI 1 33
  B_SVT_TEMP_R4S23B_Slot10.HIHI 1 33
  B_SVT_TEMP_R4S23T_Slot10.HIHI 1 33
  B_SVT_TEMP_R4S24B_Slot10.HIHI 1 33
  B_SVT_TEMP_R4S24T_Slot10.HIHI 1 33
  B_SVT_TEMP_R1S1B_Slot2.HHSV 1 2
  B_SVT_TEMP_R1S1T_Slot2.HHSV 1 2
  B_SVT_TEMP_R1S2B_Slot2.HHSV 1 2
  B_SVT_TEMP_R1S2T_Slot2.HHSV 1 2
  B_SVT_TEMP_R1S3B_Slot2.HHSV 1 2
  B_SVT_TEMP_R1S3T_Slot2.HHSV 1 2
  B_SVT_TEMP_R1S4B_Slot2.HHSV 1 2
  B_SVT_TEMP_R1S4T_Slot2.HHSV 1 2
  B_SVT_TEMP_R1S5B_Slot2.HHSV 1 2
  B_SVT_TEMP_R1S5T_Slot2.HHSV 1 2
  B_SVT_TEMP_R1S6B_Slot2.HHSV 1 2
  B_SVT_TEMP_R1S6T_Slot2.HHSV 1 2
  B_SVT_TEMP_R1S7B_Slot2.HHSV 1 2
  B_SVT_TEMP_R1S7T_Slot2.HHSV 1 2
  B_SVT_TEMP_R1S8B_Slot2.HHSV 1 2
  B_SVT_TEMP_R1S8T_Slot2.HHSV 1 2
  B_SVT_TEMP_R1S9B_Slot3.HHSV 1 2
  B_SVT_TEMP_R1S9T_Slot3.HHSV 1 2
  B_SVT_TEMP_R1S10B_Slot3.HHSV 1 2
  B_SVT_TEMP_R1S10T_Slot3.HHSV 1 2
  B_SVT_TEMP_R2S1B_Slot3.HHSV 1 2
  B_SVT_TEMP_R2S1T_Slot3.HHSV 1 2
  B_SVT_TEMP_R2S2B_Slot3.HHSV 1 2
  B_SVT_TEMP_R2S2T_Slot3.HHSV 1 2
  B_SVT_TEMP_R2S3B_Slot3.HHSV 1 2
  B_SVT_TEMP_R2S3T_Slot3.HHSV 1 2
  B_SVT_TEMP_R2S4B_Slot3.HHSV 1 2
  B_SVT_TEMP_R2S4T_Slot3.HHSV 1 2
  B_SVT_TEMP_R2S5B_Slot3.HHSV 1 2
  B_SVT_TEMP_R2S5T_Slot3.HHSV 1 2
  B_SVT_TEMP_R2S6B_Slot3.HHSV 1 2
  B_SVT_TEMP_R2S6T_Slot3.HHSV 1 2
  B_SVT_TEMP_R2S7B_Slot4.HHSV 1 2
  B_SVT_TEMP_R2S7T_Slot4.HHSV 1 2
  B_SVT_TEMP_R2S8B_Slot4.HHSV 1 2
  B_SVT_TEMP_R2S8T_Slot4.HHSV 1 2
  B_SVT_TEMP_R2S9B_Slot4.HHSV 1 2
  B_SVT_TEMP_R2S9T_Slot4.HHSV 1 2
  B_SVT_TEMP_R2S10B_Slot4.HHSV 1 2
  B_SVT_TEMP_R2S10T_Slot4.HHSV 1 2
  B_SVT_TEMP_R2S11B_Slot4.HHSV 1 2
  B_SVT_TEMP_R2S11T_Slot4.HHSV 1 2
  B_SVT_TEMP_R2S12B_Slot4.HHSV 1 2
  B_SVT_TEMP_R2S12T_Slot4.HHSV 1 2
  B_SVT_TEMP_R2S13B_Slot4.HHSV 1 2
  B_SVT_TEMP_R2S13T_Slot4.HHSV 1 2
  B_SVT_TEMP_R2S14B_Slot4.HHSV 1 2
  B_SVT_TEMP_R2S14T_Slot4.HHSV 1 2
  B_SVT_TEMP_R3S1B_Slot5.HHSV 1 2
  B_SVT_TEMP_R3S1T_Slot5.HHSV 1 2
  B_SVT_TEMP_R3S2B_Slot5.HHSV 1 2
  B_SVT_TEMP_R3S2T_Slot5.HHSV 1 2
  B_SVT_TEMP_R3S3B_Slot5.HHSV 1 2
  B_SVT_TEMP_R3S3T_Slot5.HHSV 1 2
  B_SVT_TEMP_R3S4B_Slot5.HHSV 1 2
  B_SVT_TEMP_R3S4T_Slot5.HHSV 1 2
  B_SVT_TEMP_R3S5B_Slot5.HHSV 1 2
  B_SVT_TEMP_R3S5T_Slot5.HHSV 1 2
  B_SVT_TEMP_R3S6B_Slot5.HHSV 1 2
  B_SVT_TEMP_R3S6T_Slot5.HHSV 1 2
  B_SVT_TEMP_R3S7B_Slot5.HHSV 1 2
  B_SVT_TEMP_R3S7T_Slot5.HHSV 1 2
  B_SVT_TEMP_R3S8B_Slot5.HHSV 1 2
  B_SVT_TEMP_R3S8T_Slot5.HHSV 1 2
  B_SVT_TEMP_R3S9B_Slot6.HHSV 1 2
  B_SVT_TEMP_R3S9T_Slot6.HHSV 1 2
  B_SVT_TEMP_R3S10B_Slot6.HHSV 1 2
  B_SVT_TEMP_R3S10T_Slot6.HHSV 1 2
  B_SVT_TEMP_R3S11B_Slot6.HHSV 1 2
  B_SVT_TEMP_R3S11T_Slot6.HHSV 1 2
  B_SVT_TEMP_R3S12B_Slot6.HHSV 1 2
  B_SVT_TEMP_R3S12T_Slot6.HHSV 1 2
  B_SVT_TEMP_R3S13B_Slot6.HHSV 1 2
  B_SVT_TEMP_R3S13T_Slot6.HHSV 1 2
  B_SVT_TEMP_R3S14B_Slot6.HHSV 1 2
  B_SVT_TEMP_R3S14T_Slot6.HHSV 1 2
  B_SVT_TEMP_R3S15B_Slot6.HHSV 1 2
  B_SVT_TEMP_R3S15T_Slot6.HHSV 1 2
  B_SVT_TEMP_R3S16B_Slot6.HHSV 1 2
  B_SVT_TEMP_R3S16T_Slot6.HHSV 1 2
  B_SVT_TEMP_R3S17B_Slot7.HHSV 1 2
  B_SVT_TEMP_R3S17T_Slot7.HHSV 1 2
  B_SVT_TEMP_R3S18B_Slot7.HHSV 1 2
  B_SVT_TEMP_R3S18T_Slot7.HHSV 1 2
  B_SVT_TEMP_R4S1B_Slot8.HHSV 1 2
  B_SVT_TEMP_R4S1T_Slot8.HHSV 1 2
  B_SVT_TEMP_R4S2B_Slot8.HHSV 1 2
  B_SVT_TEMP_R4S2T_Slot8.HHSV 1 2
  B_SVT_TEMP_R4S3B_Slot8.HHSV 1 2
  B_SVT_TEMP_R4S3T_Slot8.HHSV 1 2
  B_SVT_TEMP_R4S4B_Slot8.HHSV 1 2
  B_SVT_TEMP_R4S4T_Slot8.HHSV 1 2
  B_SVT_TEMP_R4S5B_Slot8.HHSV 1 2
  B_SVT_TEMP_R4S5T_Slot8.HHSV 1 2
  B_SVT_TEMP_R4S6B_Slot8.HHSV 1 2
  B_SVT_TEMP_R4S6T_Slot8.HHSV 1 2
  B_SVT_TEMP_R4S7B_Slot8.HHSV 1 2
  B_SVT_TEMP_R4S7T_Slot8.HHSV 1 2
  B_SVT_TEMP_R4S8B_Slot8.HHSV 1 2
  B_SVT_TEMP_R4S8T_Slot8.HHSV 1 2
  B_SVT_TEMP_R4S9B_Slot9.HHSV 1 2
  B_SVT_TEMP_R4S9T_Slot9.HHSV 1 2
  B_SVT_TEMP_R4S10B_Slot9.HHSV 1 2
  B_SVT_TEMP_R4S10T_Slot9.HHSV 1 2
  B_SVT_TEMP_R4S11B_Slot9.HHSV 1 2
  B_SVT_TEMP_R4S11T_Slot9.HHSV 1 2
  B_SVT_TEMP_R4S12B_Slot9.HHSV 1 2
  B_SVT_TEMP_R4S12T_Slot9.HHSV 1 2
  B_SVT_TEMP_R4S13B_Slot9.HHSV 1 2
  B_SVT_TEMP_R4S13T_Slot9.HHSV 1 2
  B_SVT_TEMP_R4S14B_Slot9.HHSV 1 2
  B_SVT_TEMP_R4S14T_Slot9.HHSV 1 2
  B_SVT_TEMP_R4S15B_Slot9.HHSV 1 2
  B_SVT_TEMP_R4S15T_Slot9.HHSV 1 2
  B_SVT_TEMP_R4S16B_Slot9.HHSV 1 2
  B_SVT_TEMP_R4S16T_Slot9.HHSV 1 2
  B_SVT_TEMP_R4S17B_Slot10.HHSV 1 2
  B_SVT_TEMP_R4S17T_Slot10.HHSV 1 2
  B_SVT_TEMP_R4S18B_Slot10.HHSV 1 2
  B_SVT_TEMP_R4S18T_Slot10.HHSV 1 2
  B_SVT_TEMP_R4S19B_Slot10.HHSV 1 2
  B_SVT_TEMP_R4S19T_Slot10.HHSV 1 2
  B_SVT_TEMP_R4S20B_Slot10.HHSV 1 2
  B_SVT_TEMP_R4S20T_Slot10.HHSV 1 2
  B_SVT_TEMP_R4S21B_Slot10.HHSV 1 2
  B_SVT_TEMP_R4S21T_Slot10.HHSV 1 2
  B_SVT_TEMP_R4S22B_Slot10.HHSV 1 2
  B_SVT_TEMP_R4S22T_Slot10.HHSV 1 2
  B_SVT_TEMP_R4S23B_Slot10.HHSV 1 2
  B_SVT_TEMP_R4S23T_Slot10.HHSV 1 2
  B_SVT_TEMP_R4S24B_Slot10.HHSV 1 2
  B_SVT_TEMP_R4S24T_Slot10.HHSV 1 2
  B_SVT_TEMP_R1S1B_Slot2.HIGH 1 30
  B_SVT_TEMP_R1S1T_Slot2.HIGH 1 30
  B_SVT_TEMP_R1S2B_Slot2.HIGH 1 30
  B_SVT_TEMP_R1S2T_Slot2.HIGH 1 30
  B_SVT_TEMP_R1S3B_Slot2.HIGH 1 30
  B_SVT_TEMP_R1S3T_Slot2.HIGH 1 30
  B_SVT_TEMP_R1S4B_Slot2.HIGH 1 30
  B_SVT_TEMP_R1S4T_Slot2.HIGH 1 30
  B_SVT_TEMP_R1S5B_Slot2.HIGH 1 30
  B_SVT_TEMP_R1S5T_Slot2.HIGH 1 30
  B_SVT_TEMP_R1S6B_Slot2.HIGH 1 30
  B_SVT_TEMP_R1S6T_Slot2.HIGH 1 30
  B_SVT_TEMP_R1S7B_Slot2.HIGH 1 30
  B_SVT_TEMP_R1S7T_Slot2.HIGH 1 30
  B_SVT_TEMP_R1S8B_Slot2.HIGH 1 30
  B_SVT_TEMP_R1S8T_Slot2.HIGH 1 30
  B_SVT_TEMP_R1S9B_Slot3.HIGH 1 30
  B_SVT_TEMP_R1S9T_Slot3.HIGH 1 30
  B_SVT_TEMP_R1S10B_Slot3.HIGH 1 30
  B_SVT_TEMP_R1S10T_Slot3.HIGH 1 30
  B_SVT_TEMP_R2S1B_Slot3.HIGH 1 30
  B_SVT_TEMP_R2S1T_Slot3.HIGH 1 30
  B_SVT_TEMP_R2S2B_Slot3.HIGH 1 30
  B_SVT_TEMP_R2S2T_Slot3.HIGH 1 30
  B_SVT_TEMP_R2S3B_Slot3.HIGH 1 30
  B_SVT_TEMP_R2S3T_Slot3.HIGH 1 30
  B_SVT_TEMP_R2S4B_Slot3.HIGH 1 30
  B_SVT_TEMP_R2S4T_Slot3.HIGH 1 30
  B_SVT_TEMP_R2S5B_Slot3.HIGH 1 30
  B_SVT_TEMP_R2S5T_Slot3.HIGH 1 30
  B_SVT_TEMP_R2S6B_Slot3.HIGH 1 30
  B_SVT_TEMP_R2S6T_Slot3.HIGH 1 30
  B_SVT_TEMP_R2S7B_Slot4.HIGH 1 30
  B_SVT_TEMP_R2S7T_Slot4.HIGH 1 30
  B_SVT_TEMP_R2S8B_Slot4.HIGH 1 30
  B_SVT_TEMP_R2S8T_Slot4.HIGH 1 30
  B_SVT_TEMP_R2S9B_Slot4.HIGH 1 30
  B_SVT_TEMP_R2S9T_Slot4.HIGH 1 30
  B_SVT_TEMP_R2S10B_Slot4.HIGH 1 30
  B_SVT_TEMP_R2S10T_Slot4.HIGH 1 30
  B_SVT_TEMP_R2S11B_Slot4.HIGH 1 30
  B_SVT_TEMP_R2S11T_Slot4.HIGH 1 30
  B_SVT_TEMP_R2S12B_Slot4.HIGH 1 30
  B_SVT_TEMP_R2S12T_Slot4.HIGH 1 30
  B_SVT_TEMP_R2S13B_Slot4.HIGH 1 30
  B_SVT_TEMP_R2S13T_Slot4.HIGH 1 30
  B_SVT_TEMP_R2S14B_Slot4.HIGH 1 30
  B_SVT_TEMP_R2S14T_Slot4.HIGH 1 30
  B_SVT_TEMP_R3S1B_Slot5.HIGH 1 30
  B_SVT_TEMP_R3S1T_Slot5.HIGH 1 30
  B_SVT_TEMP_R3S2B_Slot5.HIGH 1 30
  B_SVT_TEMP_R3S2T_Slot5.HIGH 1 30
  B_SVT_TEMP_R3S3B_Slot5.HIGH 1 30
  B_SVT_TEMP_R3S3T_Slot5.HIGH 1 30
  B_SVT_TEMP_R3S4B_Slot5.HIGH 1 30
  B_SVT_TEMP_R3S4T_Slot5.HIGH 1 30
  B_SVT_TEMP_R3S5B_Slot5.HIGH 1 30
  B_SVT_TEMP_R3S5T_Slot5.HIGH 1 30
  B_SVT_TEMP_R3S6B_Slot5.HIGH 1 30
  B_SVT_TEMP_R3S6T_Slot5.HIGH 1 30
  B_SVT_TEMP_R3S7B_Slot5.HIGH 1 30
  B_SVT_TEMP_R3S7T_Slot5.HIGH 1 30
  B_SVT_TEMP_R3S8B_Slot5.HIGH 1 30
  B_SVT_TEMP_R3S8T_Slot5.HIGH 1 30
  B_SVT_TEMP_R3S9B_Slot6.HIGH 1 30
  B_SVT_TEMP_R3S9T_Slot6.HIGH 1 30
  B_SVT_TEMP_R3S10B_Slot6.HIGH 1 30
  B_SVT_TEMP_R3S10T_Slot6.HIGH 1 30
  B_SVT_TEMP_R3S11B_Slot6.HIGH 1 30
  B_SVT_TEMP_R3S11T_Slot6.HIGH 1 30
  B_SVT_TEMP_R3S12B_Slot6.HIGH 1 30
  B_SVT_TEMP_R3S12T_Slot6.HIGH 1 30
  B_SVT_TEMP_R3S13B_Slot6.HIGH 1 30
  B_SVT_TEMP_R3S13T_Slot6.HIGH 1 30
  B_SVT_TEMP_R3S14B_Slot6.HIGH 1 30
  B_SVT_TEMP_R3S14T_Slot6.HIGH 1 30
  B_SVT_TEMP_R3S15B_Slot6.HIGH 1 30
  B_SVT_TEMP_R3S15T_Slot6.HIGH 1 30
  B_SVT_TEMP_R3S16B_Slot6.HIGH 1 30
  B_SVT_TEMP_R3S16T_Slot6.HIGH 1 30
  B_SVT_TEMP_R3S17B_Slot7.HIGH 1 30
  B_SVT_TEMP_R3S17T_Slot7.HIGH 1 30
  B_SVT_TEMP_R3S18B_Slot7.HIGH 1 30
  B_SVT_TEMP_R3S18T_Slot7.HIGH 1 30
  B_SVT_TEMP_R4S1B_Slot8.HIGH 1 30
  B_SVT_TEMP_R4S1T_Slot8.HIGH 1 30
  B_SVT_TEMP_R4S2B_Slot8.HIGH 1 30
  B_SVT_TEMP_R4S2T_Slot8.HIGH 1 30
  B_SVT_TEMP_R4S3B_Slot8.HIGH 1 30
  B_SVT_TEMP_R4S3T_Slot8.HIGH 1 30
  B_SVT_TEMP_R4S4B_Slot8.HIGH 1 30
  B_SVT_TEMP_R4S4T_Slot8.HIGH 1 30
  B_SVT_TEMP_R4S5B_Slot8.HIGH 1 30
  B_SVT_TEMP_R4S5T_Slot8.HIGH 1 30
  B_SVT_TEMP_R4S6B_Slot8.HIGH 1 30
  B_SVT_TEMP_R4S6T_Slot8.HIGH 1 30
  B_SVT_TEMP_R4S7B_Slot8.HIGH 1 30
  B_SVT_TEMP_R4S7T_Slot8.HIGH 1 30
  B_SVT_TEMP_R4S8B_Slot8.HIGH 1 30
  B_SVT_TEMP_R4S8T_Slot8.HIGH 1 30
  B_SVT_TEMP_R4S9B_Slot9.HIGH 1 30
  B_SVT_TEMP_R4S9T_Slot9.HIGH 1 30
  B_SVT_TEMP_R4S10B_Slot9.HIGH 1 30
  B_SVT_TEMP_R4S10T_Slot9.HIGH 1 30
  B_SVT_TEMP_R4S11B_Slot9.HIGH 1 30
  B_SVT_TEMP_R4S11T_Slot9.HIGH 1 30
  B_SVT_TEMP_R4S12B_Slot9.HIGH 1 30
  B_SVT_TEMP_R4S12T_Slot9.HIGH 1 30
  B_SVT_TEMP_R4S13B_Slot9.HIGH 1 30
  B_SVT_TEMP_R4S13T_Slot9.HIGH 1 30
  B_SVT_TEMP_R4S14B_Slot9.HIGH 1 30
  B_SVT_TEMP_R4S14T_Slot9.HIGH 1 30
  B_SVT_TEMP_R4S15B_Slot9.HIGH 1 30
  B_SVT_TEMP_R4S15T_Slot9.HIGH 1 30
  B_SVT_TEMP_R4S16B_Slot9.HIGH 1 30
  B_SVT_TEMP_R4S16T_Slot9.HIGH 1 30
  B_SVT_TEMP_R4S17B_Slot10.HIGH 1 30
  B_SVT_TEMP_R4S17T_Slot10.HIGH 1 30
  B_SVT_TEMP_R4S18B_Slot10.HIGH 1 30
  B_SVT_TEMP_R4S18T_Slot10.HIGH 1 30
  B_SVT_TEMP_R4S19B_Slot10.HIGH 1 30
  B_SVT_TEMP_R4S19T_Slot10.HIGH 1 30
  B_SVT_TEMP_R4S20B_Slot10.HIGH 1 30
  B_SVT_TEMP_R4S20T_Slot10.HIGH 1 30
  B_SVT_TEMP_R4S21B_Slot10.HIGH 1 30
  B_SVT_TEMP_R4S21T_Slot10.HIGH 1 30
  B_SVT_TEMP_R4S22B_Slot10.HIGH 1 30
  B_SVT_TEMP_R4S22T_Slot10.HIGH 1 30
  B_SVT_TEMP_R4S23B_Slot10.HIGH 1 30
  B_SVT_TEMP_R4S23T_Slot10.HIGH 1 30
  B_SVT_TEMP_R4S24B_Slot10.HIGH 1 30
  B_SVT_TEMP_R4S24T_Slot10.HIGH 1 30
  B_SVT_TEMP_R1S1B_Slot2.HSV 1 1
  B_SVT_TEMP_R1S1T_Slot2.HSV 1 1
  B_SVT_TEMP_R1S2B_Slot2.HSV 1 1
  B_SVT_TEMP_R1S2T_Slot2.HSV 1 1
  B_SVT_TEMP_R1S3B_Slot2.HSV 1 1
  B_SVT_TEMP_R1S3T_Slot2.HSV 1 1
  B_SVT_TEMP_R1S4B_Slot2.HSV 1 1
  B_SVT_TEMP_R1S4T_Slot2.HSV 1 1
  B_SVT_TEMP_R1S5B_Slot2.HSV 1 1
  B_SVT_TEMP_R1S5T_Slot2.HSV 1 1
  B_SVT_TEMP_R1S6B_Slot2.HSV 1 1
  B_SVT_TEMP_R1S6T_Slot2.HSV 1 1
  B_SVT_TEMP_R1S7B_Slot2.HSV 1 1
  B_SVT_TEMP_R1S7T_Slot2.HSV 1 1
  B_SVT_TEMP_R1S8B_Slot2.HSV 1 1
  B_SVT_TEMP_R1S8T_Slot2.HSV 1 1
  B_SVT_TEMP_R1S9B_Slot3.HSV 1 1
  B_SVT_TEMP_R1S9T_Slot3.HSV 1 1
  B_SVT_TEMP_R1S10B_Slot3.HSV 1 1
  B_SVT_TEMP_R1S10T_Slot3.HSV 1 1
  B_SVT_TEMP_R2S1B_Slot3.HSV 1 1
  B_SVT_TEMP_R2S1T_Slot3.HSV 1 1
  B_SVT_TEMP_R2S2B_Slot3.HSV 1 1
  B_SVT_TEMP_R2S2T_Slot3.HSV 1 1
  B_SVT_TEMP_R2S3B_Slot3.HSV 1 1
  B_SVT_TEMP_R2S3T_Slot3.HSV 1 1
  B_SVT_TEMP_R2S4B_Slot3.HSV 1 1
  B_SVT_TEMP_R2S4T_Slot3.HSV 1 1
  B_SVT_TEMP_R2S5B_Slot3.HSV 1 1
  B_SVT_TEMP_R2S5T_Slot3.HSV 1 1
  B_SVT_TEMP_R2S6B_Slot3.HSV 1 1
  B_SVT_TEMP_R2S6T_Slot3.HSV 1 1
  B_SVT_TEMP_R2S7B_Slot4.HSV 1 1
  B_SVT_TEMP_R2S7T_Slot4.HSV 1 1
  B_SVT_TEMP_R2S8B_Slot4.HSV 1 1
  B_SVT_TEMP_R2S8T_Slot4.HSV 1 1
  B_SVT_TEMP_R2S9B_Slot4.HSV 1 1
  B_SVT_TEMP_R2S9T_Slot4.HSV 1 1
  B_SVT_TEMP_R2S10B_Slot4.HSV 1 1
  B_SVT_TEMP_R2S10T_Slot4.HSV 1 1
  B_SVT_TEMP_R2S11B_Slot4.HSV 1 1
  B_SVT_TEMP_R2S11T_Slot4.HSV 1 1
  B_SVT_TEMP_R2S12B_Slot4.HSV 1 1
  B_SVT_TEMP_R2S12T_Slot4.HSV 1 1
  B_SVT_TEMP_R2S13B_Slot4.HSV 1 1
  B_SVT_TEMP_R2S13T_Slot4.HSV 1 1
  B_SVT_TEMP_R2S14B_Slot4.HSV 1 1
  B_SVT_TEMP_R2S14T_Slot4.HSV 1 1
  B_SVT_TEMP_R3S1B_Slot5.HSV 1 1
  B_SVT_TEMP_R3S1T_Slot5.HSV 1 1
  B_SVT_TEMP_R3S2B_Slot5.HSV 1 1
  B_SVT_TEMP_R3S2T_Slot5.HSV 1 1
  B_SVT_TEMP_R3S3B_Slot5.HSV 1 1
  B_SVT_TEMP_R3S3T_Slot5.HSV 1 1
  B_SVT_TEMP_R3S4B_Slot5.HSV 1 1
  B_SVT_TEMP_R3S4T_Slot5.HSV 1 1
  B_SVT_TEMP_R3S5B_Slot5.HSV 1 1
  B_SVT_TEMP_R3S5T_Slot5.HSV 1 1
  B_SVT_TEMP_R3S6B_Slot5.HSV 1 1
  B_SVT_TEMP_R3S6T_Slot5.HSV 1 1
  B_SVT_TEMP_R3S7B_Slot5.HSV 1 1
  B_SVT_TEMP_R3S7T_Slot5.HSV 1 1
  B_SVT_TEMP_R3S8B_Slot5.HSV 1 1
  B_SVT_TEMP_R3S8T_Slot5.HSV 1 1
  B_SVT_TEMP_R3S9B_Slot6.HSV 1 1
  B_SVT_TEMP_R3S9T_Slot6.HSV 1 1
  B_SVT_TEMP_R3S10B_Slot6.HSV 1 1
  B_SVT_TEMP_R3S10T_Slot6.HSV 1 1
  B_SVT_TEMP_R3S11B_Slot6.HSV 1 1
  B_SVT_TEMP_R3S11T_Slot6.HSV 1 1
  B_SVT_TEMP_R3S12B_Slot6.HSV 1 1
  B_SVT_TEMP_R3S12T_Slot6.HSV 1 1
  B_SVT_TEMP_R3S13B_Slot6.HSV 1 1
  B_SVT_TEMP_R3S13T_Slot6.HSV 1 1
  B_SVT_TEMP_R3S14B_Slot6.HSV 1 1
  B_SVT_TEMP_R3S14T_Slot6.HSV 1 1
  B_SVT_TEMP_R3S15B_Slot6.HSV 1 1
  B_SVT_TEMP_R3S15T_Slot6.HSV 1 1
  B_SVT_TEMP_R3S16B_Slot6.HSV 1 1
  B_SVT_TEMP_R3S16T_Slot6.HSV 1 1
  B_SVT_TEMP_R3S17B_Slot7.HSV 1 1
  B_SVT_TEMP_R3S17T_Slot7.HSV 1 1
  B_SVT_TEMP_R3S18B_Slot7.HSV 1 1
  B_SVT_TEMP_R3S18T_Slot7.HSV 1 1
  B_SVT_TEMP_R4S1B_Slot8.HSV 1 1
  B_SVT_TEMP_R4S1T_Slot8.HSV 1 1
  B_SVT_TEMP_R4S2B_Slot8.HSV 1 1
  B_SVT_TEMP_R4S2T_Slot8.HSV 1 1
  B_SVT_TEMP_R4S3B_Slot8.HSV 1 1
  B_SVT_TEMP_R4S3T_Slot8.HSV 1 1
  B_SVT_TEMP_R4S4B_Slot8.HSV 1 1
  B_SVT_TEMP_R4S4T_Slot8.HSV 1 1
  B_SVT_TEMP_R4S5B_Slot8.HSV 1 1
  B_SVT_TEMP_R4S5T_Slot8.HSV 1 1
  B_SVT_TEMP_R4S6B_Slot8.HSV 1 1
  B_SVT_TEMP_R4S6T_Slot8.HSV 1 1
  B_SVT_TEMP_R4S7B_Slot8.HSV 1 1
  B_SVT_TEMP_R4S7T_Slot8.HSV 1 1
  B_SVT_TEMP_R4S8B_Slot8.HSV 1 1
  B_SVT_TEMP_R4S8T_Slot8.HSV 1 1
  B_SVT_TEMP_R4S9B_Slot9.HSV 1 1
  B_SVT_TEMP_R4S9T_Slot9.HSV 1 1
  B_SVT_TEMP_R4S10B_Slot9.HSV 1 1
  B_SVT_TEMP_R4S10T_Slot9.HSV 1 1
  B_SVT_TEMP_R4S11B_Slot9.HSV 1 1
  B_SVT_TEMP_R4S11T_Slot9.HSV 1 1
  B_SVT_TEMP_R4S12B_Slot9.HSV 1 1
  B_SVT_TEMP_R4S12T_Slot9.HSV 1 1
  B_SVT_TEMP_R4S13B_Slot9.HSV 1 1
  B_SVT_TEMP_R4S13T_Slot9.HSV 1 1
  B_SVT_TEMP_R4S14B_Slot9.HSV 1 1
  B_SVT_TEMP_R4S14T_Slot9.HSV 1 1
  B_SVT_TEMP_R4S15B_Slot9.HSV 1 1
  B_SVT_TEMP_R4S15T_Slot9.HSV 1 1
  B_SVT_TEMP_R4S16B_Slot9.HSV 1 1
  B_SVT_TEMP_R4S16T_Slot9.HSV 1 1
  B_SVT_TEMP_R4S17B_Slot10.HSV 1 1
  B_SVT_TEMP_R4S17T_Slot10.HSV 1 1
  B_SVT_TEMP_R4S18B_Slot10.HSV 1 1
  B_SVT_TEMP_R4S18T_Slot10.HSV 1 1
  B_SVT_TEMP_R4S19B_Slot10.HSV 1 1
  B_SVT_TEMP_R4S19T_Slot10.HSV 1 1
  B_SVT_TEMP_R4S20B_Slot10.HSV 1 1
  B_SVT_TEMP_R4S20T_Slot10.HSV 1 1
  B_SVT_TEMP_R4S21B_Slot10.HSV 1 1
  B_SVT_TEMP_R4S21T_Slot10.HSV 1 1
  B_SVT_TEMP_R4S22B_Slot10.HSV 1 1
  B_SVT_TEMP_R4S22T_Slot10.HSV 1 1
  B_SVT_TEMP_R4S23B_Slot10.HSV 1 1
  B_SVT_TEMP_R4S23T_Slot10.HSV 1 1
  B_SVT_TEMP_R4S24B_Slot10.HSV 1 1
  B_SVT_TEMP_R4S24T_Slot10.HSV 1 1
  B_SVT_TEMP_R1S1B_Slot2.LLSV 1 2
  B_SVT_TEMP_R1S1T_Slot2.LLSV 1 2
  B_SVT_TEMP_R1S2B_Slot2.LLSV 1 2
  B_SVT_TEMP_R1S2T_Slot2.LLSV 1 2
  B_SVT_TEMP_R1S3B_Slot2.LLSV 1 2
  B_SVT_TEMP_R1S3T_Slot2.LLSV 1 2
  B_SVT_TEMP_R1S4B_Slot2.LLSV 1 2
  B_SVT_TEMP_R1S4T_Slot2.LLSV 1 2
  B_SVT_TEMP_R1S5B_Slot2.LLSV 1 2
  B_SVT_TEMP_R1S5T_Slot2.LLSV 1 2
  B_SVT_TEMP_R1S6B_Slot2.LLSV 1 2
  B_SVT_TEMP_R1S6T_Slot2.LLSV 1 2
  B_SVT_TEMP_R1S7B_Slot2.LLSV 1 2
  B_SVT_TEMP_R1S7T_Slot2.LLSV 1 2
  B_SVT_TEMP_R1S8B_Slot2.LLSV 1 2
  B_SVT_TEMP_R1S8T_Slot2.LLSV 1 2
  B_SVT_TEMP_R1S9B_Slot3.LLSV 1 2
  B_SVT_TEMP_R1S9T_Slot3.LLSV 1 2
  B_SVT_TEMP_R1S10B_Slot3.LLSV 1 2
  B_SVT_TEMP_R1S10T_Slot3.LLSV 1 2
  B_SVT_TEMP_R2S1B_Slot3.LLSV 1 2
  B_SVT_TEMP_R2S1T_Slot3.LLSV 1 2
  B_SVT_TEMP_R2S2B_Slot3.LLSV 1 2
  B_SVT_TEMP_R2S2T_Slot3.LLSV 1 2
  B_SVT_TEMP_R2S3B_Slot3.LLSV 1 2
  B_SVT_TEMP_R2S3T_Slot3.LLSV 1 2
  B_SVT_TEMP_R2S4B_Slot3.LLSV 1 2
  B_SVT_TEMP_R2S4T_Slot3.LLSV 1 2
  B_SVT_TEMP_R2S5B_Slot3.LLSV 1 2
  B_SVT_TEMP_R2S5T_Slot3.LLSV 1 2
  B_SVT_TEMP_R2S6B_Slot3.LLSV 1 2
  B_SVT_TEMP_R2S6T_Slot3.LLSV 1 2
  B_SVT_TEMP_R2S7B_Slot4.LLSV 1 2
  B_SVT_TEMP_R2S7T_Slot4.LLSV 1 2
  B_SVT_TEMP_R2S8B_Slot4.LLSV 1 2
  B_SVT_TEMP_R2S8T_Slot4.LLSV 1 2
  B_SVT_TEMP_R2S9B_Slot4.LLSV 1 2
  B_SVT_TEMP_R2S9T_Slot4.LLSV 1 2
  B_SVT_TEMP_R2S10B_Slot4.LLSV 1 2
  B_SVT_TEMP_R2S10T_Slot4.LLSV 1 2
  B_SVT_TEMP_R2S11B_Slot4.LLSV 1 2
  B_SVT_TEMP_R2S11T_Slot4.LLSV 1 2
  B_SVT_TEMP_R2S12B_Slot4.LLSV 1 2
  B_SVT_TEMP_R2S12T_Slot4.LLSV 1 2
  B_SVT_TEMP_R2S13B_Slot4.LLSV 1 2
  B_SVT_TEMP_R2S13T_Slot4.LLSV 1 2
  B_SVT_TEMP_R2S14B_Slot4.LLSV 1 2
  B_SVT_TEMP_R2S14T_Slot4.LLSV 1 2
  B_SVT_TEMP_R3S1B_Slot5.LLSV 1 2
  B_SVT_TEMP_R3S1T_Slot5.LLSV 1 2
  B_SVT_TEMP_R3S2B_Slot5.LLSV 1 2
  B_SVT_TEMP_R3S2T_Slot5.LLSV 1 2
  B_SVT_TEMP_R3S3B_Slot5.LLSV 1 2
  B_SVT_TEMP_R3S3T_Slot5.LLSV 1 2
  B_SVT_TEMP_R3S4B_Slot5.LLSV 1 2
  B_SVT_TEMP_R3S4T_Slot5.LLSV 1 2
  B_SVT_TEMP_R3S5B_Slot5.LLSV 1 2
  B_SVT_TEMP_R3S5T_Slot5.LLSV 1 2
  B_SVT_TEMP_R3S6B_Slot5.LLSV 1 2
  B_SVT_TEMP_R3S6T_Slot5.LLSV 1 2
  B_SVT_TEMP_R3S7B_Slot5.LLSV 1 2
  B_SVT_TEMP_R3S7T_Slot5.LLSV 1 2
  B_SVT_TEMP_R3S8B_Slot5.LLSV 1 2
  B_SVT_TEMP_R3S8T_Slot5.LLSV 1 2
  B_SVT_TEMP_R3S9B_Slot6.LLSV 1 2
  B_SVT_TEMP_R3S9T_Slot6.LLSV 1 2
  B_SVT_TEMP_R3S10B_Slot6.LLSV 1 2
  B_SVT_TEMP_R3S10T_Slot6.LLSV 1 2
  B_SVT_TEMP_R3S11B_Slot6.LLSV 1 2
  B_SVT_TEMP_R3S11T_Slot6.LLSV 1 2
  B_SVT_TEMP_R3S12B_Slot6.LLSV 1 2
  B_SVT_TEMP_R3S12T_Slot6.LLSV 1 2
  B_SVT_TEMP_R3S13B_Slot6.LLSV 1 2
  B_SVT_TEMP_R3S13T_Slot6.LLSV 1 2
  B_SVT_TEMP_R3S14B_Slot6.LLSV 1 2
  B_SVT_TEMP_R3S14T_Slot6.LLSV 1 2
  B_SVT_TEMP_R3S15B_Slot6.LLSV 1 2
  B_SVT_TEMP_R3S15T_Slot6.LLSV 1 2
  B_SVT_TEMP_R3S16B_Slot6.LLSV 1 2
  B_SVT_TEMP_R3S16T_Slot6.LLSV 1 2
  B_SVT_TEMP_R3S17B_Slot7.LLSV 1 2
  B_SVT_TEMP_R3S17T_Slot7.LLSV 1 2
  B_SVT_TEMP_R3S18B_Slot7.LLSV 1 2
  B_SVT_TEMP_R3S18T_Slot7.LLSV 1 2
  B_SVT_TEMP_R4S1B_Slot8.LLSV 1 2
  B_SVT_TEMP_R4S1T_Slot8.LLSV 1 2
  B_SVT_TEMP_R4S2B_Slot8.LLSV 1 2
  B_SVT_TEMP_R4S2T_Slot8.LLSV 1 2
  B_SVT_TEMP_R4S3B_Slot8.LLSV 1 2
  B_SVT_TEMP_R4S3T_Slot8.LLSV 1 2
  B_SVT_TEMP_R4S4B_Slot8.LLSV 1 2
  B_SVT_TEMP_R4S4T_Slot8.LLSV 1 2
  B_SVT_TEMP_R4S5B_Slot8.LLSV 1 2
  B_SVT_TEMP_R4S5T_Slot8.LLSV 1 2
  B_SVT_TEMP_R4S6B_Slot8.LLSV 1 2
  B_SVT_TEMP_R4S6T_Slot8.LLSV 1 2
  B_SVT_TEMP_R4S7B_Slot8.LLSV 1 2
  B_SVT_TEMP_R4S7T_Slot8.LLSV 1 2
  B_SVT_TEMP_R4S8B_Slot8.LLSV 1 2
  B_SVT_TEMP_R4S8T_Slot8.LLSV 1 2
  B_SVT_TEMP_R4S9B_Slot9.LLSV 1 2
  B_SVT_TEMP_R4S9T_Slot9.LLSV 1 2
  B_SVT_TEMP_R4S10B_Slot9.LLSV 1 2
  B_SVT_TEMP_R4S10T_Slot9.LLSV 1 2
  B_SVT_TEMP_R4S11B_Slot9.LLSV 1 2
  B_SVT_TEMP_R4S11T_Slot9.LLSV 1 2
  B_SVT_TEMP_R4S12B_Slot9.LLSV 1 2
  B_SVT_TEMP_R4S12T_Slot9.LLSV 1 2
  B_SVT_TEMP_R4S13B_Slot9.LLSV 1 2
  B_SVT_TEMP_R4S13T_Slot9.LLSV 1 2
  B_SVT_TEMP_R4S14B_Slot9.LLSV 1 2
  B_SVT_TEMP_R4S14T_Slot9.LLSV 1 2
  B_SVT_TEMP_R4S15B_Slot9.LLSV 1 2
  B_SVT_TEMP_R4S15T_Slot9.LLSV 1 2
  B_SVT_TEMP_R4S16B_Slot9.LLSV 1 2
  B_SVT_TEMP_R4S16T_Slot9.LLSV 1 2
  B_SVT_TEMP_R4S17B_Slot10.LLSV 1 2
  B_SVT_TEMP_R4S17T_Slot10.LLSV 1 2
  B_SVT_TEMP_R4S18B_Slot10.LLSV 1 2
  B_SVT_TEMP_R4S18T_Slot10.LLSV 1 2
  B_SVT_TEMP_R4S19B_Slot10.LLSV 1 2
  B_SVT_TEMP_R4S19T_Slot10.LLSV 1 2
  B_SVT_TEMP_R4S20B_Slot10.LLSV 1 2
  B_SVT_TEMP_R4S20T_Slot10.LLSV 1 2
  B_SVT_TEMP_R4S21B_Slot10.LLSV 1 2
  B_SVT_TEMP_R4S21T_Slot10.LLSV 1 2
  B_SVT_TEMP_R4S22B_Slot10.LLSV 1 2
  B_SVT_TEMP_R4S22T_Slot10.LLSV 1 2
  B_SVT_TEMP_R4S23B_Slot10.LLSV 1 2
  B_SVT_TEMP_R4S23T_Slot10.LLSV 1 2
  B_SVT_TEMP_R4S24B_Slot10.LLSV 1 2
  B_SVT_TEMP_R4S24T_Slot10.LLSV 1 2
  B_SVT_TEMP_R1S1B_Slot2.LOLO 1 10
  B_SVT_TEMP_R1S1T_Slot2.LOLO 1 10
  B_SVT_TEMP_R1S2B_Slot2.LOLO 1 10
  B_SVT_TEMP_R1S2T_Slot2.LOLO 1 10
  B_SVT_TEMP_R1S3B_Slot2.LOLO 1 10
  B_SVT_TEMP_R1S3T_Slot2.LOLO 1 10
  B_SVT_TEMP_R1S4B_Slot2.LOLO 1 10
  B_SVT_TEMP_R1S4T_Slot2.LOLO 1 10
  B_SVT_TEMP_R1S5B_Slot2.LOLO 1 10
  B_SVT_TEMP_R1S5T_Slot2.LOLO 1 10
  B_SVT_TEMP_R1S6B_Slot2.LOLO 1 10
  B_SVT_TEMP_R1S6T_Slot2.LOLO 1 10
  B_SVT_TEMP_R1S7B_Slot2.LOLO 1 10
  B_SVT_TEMP_R1S7T_Slot2.LOLO 1 10
  B_SVT_TEMP_R1S8B_Slot2.LOLO 1 10
  B_SVT_TEMP_R1S8T_Slot2.LOLO 1 10
  B_SVT_TEMP_R1S9B_Slot3.LOLO 1 10
  B_SVT_TEMP_R1S9T_Slot3.LOLO 1 10
  B_SVT_TEMP_R1S10B_Slot3.LOLO 1 10
  B_SVT_TEMP_R1S10T_Slot3.LOLO 1 10
  B_SVT_TEMP_R2S1B_Slot3.LOLO 1 10
  B_SVT_TEMP_R2S1T_Slot3.LOLO 1 10
  B_SVT_TEMP_R2S2B_Slot3.LOLO 1 10
  B_SVT_TEMP_R2S2T_Slot3.LOLO 1 10
  B_SVT_TEMP_R2S3B_Slot3.LOLO 1 10
  B_SVT_TEMP_R2S3T_Slot3.LOLO 1 10
  B_SVT_TEMP_R2S4B_Slot3.LOLO 1 10
  B_SVT_TEMP_R2S4T_Slot3.LOLO 1 10
  B_SVT_TEMP_R2S5B_Slot3.LOLO 1 10
  B_SVT_TEMP_R2S5T_Slot3.LOLO 1 10
  B_SVT_TEMP_R2S6B_Slot3.LOLO 1 10
  B_SVT_TEMP_R2S6T_Slot3.LOLO 1 10
  B_SVT_TEMP_R2S7B_Slot4.LOLO 1 10
  B_SVT_TEMP_R2S7T_Slot4.LOLO 1 10
  B_SVT_TEMP_R2S8B_Slot4.LOLO 1 10
  B_SVT_TEMP_R2S8T_Slot4.LOLO 1 10
  B_SVT_TEMP_R2S9B_Slot4.LOLO 1 10
  B_SVT_TEMP_R2S9T_Slot4.LOLO 1 10
  B_SVT_TEMP_R2S10B_Slot4.LOLO 1 10
  B_SVT_TEMP_R2S10T_Slot4.LOLO 1 10
  B_SVT_TEMP_R2S11B_Slot4.LOLO 1 10
  B_SVT_TEMP_R2S11T_Slot4.LOLO 1 10
  B_SVT_TEMP_R2S12B_Slot4.LOLO 1 10
  B_SVT_TEMP_R2S12T_Slot4.LOLO 1 10
  B_SVT_TEMP_R2S13B_Slot4.LOLO 1 10
  B_SVT_TEMP_R2S13T_Slot4.LOLO 1 10
  B_SVT_TEMP_R2S14B_Slot4.LOLO 1 10
  B_SVT_TEMP_R2S14T_Slot4.LOLO 1 10
  B_SVT_TEMP_R3S1B_Slot5.LOLO 1 10
  B_SVT_TEMP_R3S1T_Slot5.LOLO 1 10
  B_SVT_TEMP_R3S2B_Slot5.LOLO 1 10
  B_SVT_TEMP_R3S2T_Slot5.LOLO 1 10
  B_SVT_TEMP_R3S3B_Slot5.LOLO 1 10
  B_SVT_TEMP_R3S3T_Slot5.LOLO 1 10
  B_SVT_TEMP_R3S4B_Slot5.LOLO 1 10
  B_SVT_TEMP_R3S4T_Slot5.LOLO 1 10
  B_SVT_TEMP_R3S5B_Slot5.LOLO 1 10
  B_SVT_TEMP_R3S5T_Slot5.LOLO 1 10
  B_SVT_TEMP_R3S6B_Slot5.LOLO 1 10
  B_SVT_TEMP_R3S6T_Slot5.LOLO 1 10
  B_SVT_TEMP_R3S7B_Slot5.LOLO 1 10
  B_SVT_TEMP_R3S7T_Slot5.LOLO 1 10
  B_SVT_TEMP_R3S8B_Slot5.LOLO 1 10
  B_SVT_TEMP_R3S8T_Slot5.LOLO 1 10
  B_SVT_TEMP_R3S9B_Slot6.LOLO 1 10
  B_SVT_TEMP_R3S9T_Slot6.LOLO 1 10
  B_SVT_TEMP_R3S10B_Slot6.LOLO 1 10
  B_SVT_TEMP_R3S10T_Slot6.LOLO 1 10
  B_SVT_TEMP_R3S11B_Slot6.LOLO 1 10
  B_SVT_TEMP_R3S11T_Slot6.LOLO 1 10
  B_SVT_TEMP_R3S12B_Slot6.LOLO 1 10
  B_SVT_TEMP_R3S12T_Slot6.LOLO 1 10
  B_SVT_TEMP_R3S13B_Slot6.LOLO 1 10
  B_SVT_TEMP_R3S13T_Slot6.LOLO 1 10
  B_SVT_TEMP_R3S14B_Slot6.LOLO 1 10
  B_SVT_TEMP_R3S14T_Slot6.LOLO 1 10
  B_SVT_TEMP_R3S15B_Slot6.LOLO 1 10
  B_SVT_TEMP_R3S15T_Slot6.LOLO 1 10
  B_SVT_TEMP_R3S16B_Slot6.LOLO 1 10
  B_SVT_TEMP_R3S16T_Slot6.LOLO 1 10
  B_SVT_TEMP_R3S17B_Slot7.LOLO 1 10
  B_SVT_TEMP_R3S17T_Slot7.LOLO 1 10
  B_SVT_TEMP_R3S18B_Slot7.LOLO 1 10
  B_SVT_TEMP_R3S18T_Slot7.LOLO 1 10
  B_SVT_TEMP_R4S1B_Slot8.LOLO 1 10
  B_SVT_TEMP_R4S1T_Slot8.LOLO 1 10
  B_SVT_TEMP_R4S2B_Slot8.LOLO 1 10
  B_SVT_TEMP_R4S2T_Slot8.LOLO 1 10
  B_SVT_TEMP_R4S3B_Slot8.LOLO 1 10
  B_SVT_TEMP_R4S3T_Slot8.LOLO 1 10
  B_SVT_TEMP_R4S4B_Slot8.LOLO 1 10
  B_SVT_TEMP_R4S4T_Slot8.LOLO 1 10
  B_SVT_TEMP_R4S5B_Slot8.LOLO 1 10
  B_SVT_TEMP_R4S5T_Slot8.LOLO 1 10
  B_SVT_TEMP_R4S6B_Slot8.LOLO 1 10
  B_SVT_TEMP_R4S6T_Slot8.LOLO 1 10
  B_SVT_TEMP_R4S7B_Slot8.LOLO 1 10
  B_SVT_TEMP_R4S7T_Slot8.LOLO 1 10
  B_SVT_TEMP_R4S8B_Slot8.LOLO 1 10
  B_SVT_TEMP_R4S8T_Slot8.LOLO 1 10
  B_SVT_TEMP_R4S9B_Slot9.LOLO 1 10
  B_SVT_TEMP_R4S9T_Slot9.LOLO 1 10
  B_SVT_TEMP_R4S10B_Slot9.LOLO 1 10
  B_SVT_TEMP_R4S10T_Slot9.LOLO 1 10
  B_SVT_TEMP_R4S11B_Slot9.LOLO 1 10
  B_SVT_TEMP_R4S11T_Slot9.LOLO 1 10
  B_SVT_TEMP_R4S12B_Slot9.LOLO 1 10
  B_SVT_TEMP_R4S12T_Slot9.LOLO 1 10
  B_SVT_TEMP_R4S13B_Slot9.LOLO 1 10
  B_SVT_TEMP_R4S13T_Slot9.LOLO 1 10
  B_SVT_TEMP_R4S14B_Slot9.LOLO 1 10
  B_SVT_TEMP_R4S14T_Slot9.LOLO 1 10
  B_SVT_TEMP_R4S15B_Slot9.LOLO 1 10
  B_SVT_TEMP_R4S15T_Slot9.LOLO 1 10
  B_SVT_TEMP_R4S16B_Slot9.LOLO 1 10
  B_SVT_TEMP_R4S16T_Slot9.LOLO 1 10
  B_SVT_TEMP_R4S17B_Slot10.LOLO 1 10
  B_SVT_TEMP_R4S17T_Slot10.LOLO 1 10
  B_SVT_TEMP_R4S18B_Slot10.LOLO 1 10
  B_SVT_TEMP_R4S18T_Slot10.LOLO 1 10
  B_SVT_TEMP_R4S19B_Slot10.LOLO 1 10
  B_SVT_TEMP_R4S19T_Slot10.LOLO 1 10
  B_SVT_TEMP_R4S20B_Slot10.LOLO 1 10
  B_SVT_TEMP_R4S20T_Slot10.LOLO 1 10
  B_SVT_TEMP_R4S21B_Slot10.LOLO 1 10
  B_SVT_TEMP_R4S21T_Slot10.LOLO 1 10
  B_SVT_TEMP_R4S22B_Slot10.LOLO 1 10
  B_SVT_TEMP_R4S22T_Slot10.LOLO 1 10
  B_SVT_TEMP_R4S23B_Slot10.LOLO 1 10
  B_SVT_TEMP_R4S23T_Slot10.LOLO 1 10
  B_SVT_TEMP_R4S24B_Slot10.LOLO 1 10
  B_SVT_TEMP_R4S24T_Slot10.LOLO 1 10
  B_SVT_TEMP_R1S1B_Slot2.LOW 1 16
  B_SVT_TEMP_R1S1T_Slot2.LOW 1 16
  B_SVT_TEMP_R1S2B_Slot2.LOW 1 16
  B_SVT_TEMP_R1S2T_Slot2.LOW 1 16
  B_SVT_TEMP_R1S3B_Slot2.LOW 1 16
  B_SVT_TEMP_R1S3T_Slot2.LOW 1 16
  B_SVT_TEMP_R1S4B_Slot2.LOW 1 16
  B_SVT_TEMP_R1S4T_Slot2.LOW 1 16
  B_SVT_TEMP_R1S5B_Slot2.LOW 1 16
  B_SVT_TEMP_R1S5T_Slot2.LOW 1 16
  B_SVT_TEMP_R1S6B_Slot2.LOW 1 16
  B_SVT_TEMP_R1S6T_Slot2.LOW 1 16
  B_SVT_TEMP_R1S7B_Slot2.LOW 1 16
  B_SVT_TEMP_R1S7T_Slot2.LOW 1 16
  B_SVT_TEMP_R1S8B_Slot2.LOW 1 16
  B_SVT_TEMP_R1S8T_Slot2.LOW 1 16
  B_SVT_TEMP_R1S9B_Slot3.LOW 1 16
  B_SVT_TEMP_R1S9T_Slot3.LOW 1 16
  B_SVT_TEMP_R1S10B_Slot3.LOW 1 16
  B_SVT_TEMP_R1S10T_Slot3.LOW 1 16
  B_SVT_TEMP_R2S1B_Slot3.LOW 1 16
  B_SVT_TEMP_R2S1T_Slot3.LOW 1 16
  B_SVT_TEMP_R2S2B_Slot3.LOW 1 16
  B_SVT_TEMP_R2S2T_Slot3.LOW 1 16
  B_SVT_TEMP_R2S3B_Slot3.LOW 1 16
  B_SVT_TEMP_R2S3T_Slot3.LOW 1 16
  B_SVT_TEMP_R2S4B_Slot3.LOW 1 16
  B_SVT_TEMP_R2S4T_Slot3.LOW 1 16
  B_SVT_TEMP_R2S5B_Slot3.LOW 1 16
  B_SVT_TEMP_R2S5T_Slot3.LOW 1 16
  B_SVT_TEMP_R2S6B_Slot3.LOW 1 16
  B_SVT_TEMP_R2S6T_Slot3.LOW 1 16
  B_SVT_TEMP_R2S7B_Slot4.LOW 1 16
  B_SVT_TEMP_R2S7T_Slot4.LOW 1 16
  B_SVT_TEMP_R2S8B_Slot4.LOW 1 16
  B_SVT_TEMP_R2S8T_Slot4.LOW 1 16
  B_SVT_TEMP_R2S9B_Slot4.LOW 1 16
  B_SVT_TEMP_R2S9T_Slot4.LOW 1 16
  B_SVT_TEMP_R2S10B_Slot4.LOW 1 16
  B_SVT_TEMP_R2S10T_Slot4.LOW 1 16
  B_SVT_TEMP_R2S11B_Slot4.LOW 1 16
  B_SVT_TEMP_R2S11T_Slot4.LOW 1 16
  B_SVT_TEMP_R2S12B_Slot4.LOW 1 16
  B_SVT_TEMP_R2S12T_Slot4.LOW 1 16
  B_SVT_TEMP_R2S13B_Slot4.LOW 1 16
  B_SVT_TEMP_R2S13T_Slot4.LOW 1 16
  B_SVT_TEMP_R2S14B_Slot4.LOW 1 16
  B_SVT_TEMP_R2S14T_Slot4.LOW 1 16
  B_SVT_TEMP_R3S1B_Slot5.LOW 1 16
  B_SVT_TEMP_R3S1T_Slot5.LOW 1 16
  B_SVT_TEMP_R3S2B_Slot5.LOW 1 16
  B_SVT_TEMP_R3S2T_Slot5.LOW 1 16
  B_SVT_TEMP_R3S3B_Slot5.LOW 1 16
  B_SVT_TEMP_R3S3T_Slot5.LOW 1 16
  B_SVT_TEMP_R3S4B_Slot5.LOW 1 16
  B_SVT_TEMP_R3S4T_Slot5.LOW 1 16
  B_SVT_TEMP_R3S5B_Slot5.LOW 1 16
  B_SVT_TEMP_R3S5T_Slot5.LOW 1 16
  B_SVT_TEMP_R3S6B_Slot5.LOW 1 16
  B_SVT_TEMP_R3S6T_Slot5.LOW 1 16
  B_SVT_TEMP_R3S7B_Slot5.LOW 1 16
  B_SVT_TEMP_R3S7T_Slot5.LOW 1 16
  B_SVT_TEMP_R3S8B_Slot5.LOW 1 16
  B_SVT_TEMP_R3S8T_Slot5.LOW 1 16
  B_SVT_TEMP_R3S9B_Slot6.LOW 1 16
  B_SVT_TEMP_R3S9T_Slot6.LOW 1 16
  B_SVT_TEMP_R3S10B_Slot6.LOW 1 16
  B_SVT_TEMP_R3S10T_Slot6.LOW 1 16
  B_SVT_TEMP_R3S11B_Slot6.LOW 1 16
  B_SVT_TEMP_R3S11T_Slot6.LOW 1 16
  B_SVT_TEMP_R3S12B_Slot6.LOW 1 16
  B_SVT_TEMP_R3S12T_Slot6.LOW 1 16
  B_SVT_TEMP_R3S13B_Slot6.LOW 1 16
  B_SVT_TEMP_R3S13T_Slot6.LOW 1 16
  B_SVT_TEMP_R3S14B_Slot6.LOW 1 16
  B_SVT_TEMP_R3S14T_Slot6.LOW 1 16
  B_SVT_TEMP_R3S15B_Slot6.LOW 1 16
  B_SVT_TEMP_R3S15T_Slot6.LOW 1 16
  B_SVT_TEMP_R3S16B_Slot6.LOW 1 16
  B_SVT_TEMP_R3S16T_Slot6.LOW 1 16
  B_SVT_TEMP_R3S17B_Slot7.LOW 1 16
  B_SVT_TEMP_R3S17T_Slot7.LOW 1 16
  B_SVT_TEMP_R3S18B_Slot7.LOW 1 16
  B_SVT_TEMP_R3S18T_Slot7.LOW 1 16
  B_SVT_TEMP_R4S1B_Slot8.LOW 1 16
  B_SVT_TEMP_R4S1T_Slot8.LOW 1 16
  B_SVT_TEMP_R4S2B_Slot8.LOW 1 16
  B_SVT_TEMP_R4S2T_Slot8.LOW 1 16
  B_SVT_TEMP_R4S3B_Slot8.LOW 1 16
  B_SVT_TEMP_R4S3T_Slot8.LOW 1 16
  B_SVT_TEMP_R4S4B_Slot8.LOW 1 16
  B_SVT_TEMP_R4S4T_Slot8.LOW 1 16
  B_SVT_TEMP_R4S5B_Slot8.LOW 1 16
  B_SVT_TEMP_R4S5T_Slot8.LOW 1 16
  B_SVT_TEMP_R4S6B_Slot8.LOW 1 16
  B_SVT_TEMP_R4S6T_Slot8.LOW 1 16
  B_SVT_TEMP_R4S7B_Slot8.LOW 1 16
  B_SVT_TEMP_R4S7T_Slot8.LOW 1 16
  B_SVT_TEMP_R4S8B_Slot8.LOW 1 16
  B_SVT_TEMP_R4S8T_Slot8.LOW 1 16
  B_SVT_TEMP_R4S9B_Slot9.LOW 1 16
  B_SVT_TEMP_R4S9T_Slot9.LOW 1 16
  B_SVT_TEMP_R4S10B_Slot9.LOW 1 16
  B_SVT_TEMP_R4S10T_Slot9.LOW 1 16
  B_SVT_TEMP_R4S11B_Slot9.LOW 1 16
  B_SVT_TEMP_R4S11T_Slot9.LOW 1 16
  B_SVT_TEMP_R4S12B_Slot9.LOW 1 16
  B_SVT_TEMP_R4S12T_Slot9.LOW 1 16
  B_SVT_TEMP_R4S13B_Slot9.LOW 1 16
  B_SVT_TEMP_R4S13T_Slot9.LOW 1 16
  B_SVT_TEMP_R4S14B_Slot9.LOW 1 16
  B_SVT_TEMP_R4S14T_Slot9.LOW 1 16
  B_SVT_TEMP_R4S15B_Slot9.LOW 1 16
  B_SVT_TEMP_R4S15T_Slot9.LOW 1 16
  B_SVT_TEMP_R4S16B_Slot9.LOW 1 16
  B_SVT_TEMP_R4S16T_Slot9.LOW 1 16
  B_SVT_TEMP_R4S17B_Slot10.LOW 1 16
  B_SVT_TEMP_R4S17T_Slot10.LOW 1 16
  B_SVT_TEMP_R4S18B_Slot10.LOW 1 16
  B_SVT_TEMP_R4S18T_Slot10.LOW 1 16
  B_SVT_TEMP_R4S19B_Slot10.LOW 1 16
  B_SVT_TEMP_R4S19T_Slot10.LOW 1 16
  B_SVT_TEMP_R4S20B_Slot10.LOW 1 16
  B_SVT_TEMP_R4S20T_Slot10.LOW 1 16
  B_SVT_TEMP_R4S21B_Slot10.LOW 1 16
  B_SVT_TEMP_R4S21T_Slot10.LOW 1 16
  B_SVT_TEMP_R4S22B_Slot10.LOW 1 16
  B_SVT_TEMP_R4S22T_Slot10.LOW 1 16
  B_SVT_TEMP_R4S23B_Slot10.LOW 1 16
  B_SVT_TEMP_R4S23T_Slot10.LOW 1 16
  B_SVT_TEMP_R4S24B_Slot10.LOW 1 16
  B_SVT_TEMP_R4S24T_Slot10.LOW 1 16
  B_SVT_TEMP_R1S1B_Slot2.LSV 1 1
  B_SVT_TEMP_R1S1T_Slot2.LSV 1 1
  B_SVT_TEMP_R1S2B_Slot2.LSV 1 1
  B_SVT_TEMP_R1S2T_Slot2.LSV 1 1
  B_SVT_TEMP_R1S3B_Slot2.LSV 1 1
  B_SVT_TEMP_R1S3T_Slot2.LSV 1 1
  B_SVT_TEMP_R1S4B_Slot2.LSV 1 1
  B_SVT_TEMP_R1S4T_Slot2.LSV 1 1
  B_SVT_TEMP_R1S5B_Slot2.LSV 1 1
  B_SVT_TEMP_R1S5T_Slot2.LSV 1 1
  B_SVT_TEMP_R1S6B_Slot2.LSV 1 1
  B_SVT_TEMP_R1S6T_Slot2.LSV 1 1
  B_SVT_TEMP_R1S7B_Slot2.LSV 1 1
  B_SVT_TEMP_R1S7T_Slot2.LSV 1 1
  B_SVT_TEMP_R1S8B_Slot2.LSV 1 1
  B_SVT_TEMP_R1S8T_Slot2.LSV 1 1
  B_SVT_TEMP_R1S9B_Slot3.LSV 1 1
  B_SVT_TEMP_R1S9T_Slot3.LSV 1 1
  B_SVT_TEMP_R1S10B_Slot3.LSV 1 1
  B_SVT_TEMP_R1S10T_Slot3.LSV 1 1
  B_SVT_TEMP_R2S1B_Slot3.LSV 1 1
  B_SVT_TEMP_R2S1T_Slot3.LSV 1 1
  B_SVT_TEMP_R2S2B_Slot3.LSV 1 1
  B_SVT_TEMP_R2S2T_Slot3.LSV 1 1
  B_SVT_TEMP_R2S3B_Slot3.LSV 1 1
  B_SVT_TEMP_R2S3T_Slot3.LSV 1 1
  B_SVT_TEMP_R2S4B_Slot3.LSV 1 1
  B_SVT_TEMP_R2S4T_Slot3.LSV 1 1
  B_SVT_TEMP_R2S5B_Slot3.LSV 1 1
  B_SVT_TEMP_R2S5T_Slot3.LSV 1 1
  B_SVT_TEMP_R2S6B_Slot3.LSV 1 1
  B_SVT_TEMP_R2S6T_Slot3.LSV 1 1
  B_SVT_TEMP_R2S7B_Slot4.LSV 1 1
  B_SVT_TEMP_R2S7T_Slot4.LSV 1 1
  B_SVT_TEMP_R2S8B_Slot4.LSV 1 1
  B_SVT_TEMP_R2S8T_Slot4.LSV 1 1
  B_SVT_TEMP_R2S9B_Slot4.LSV 1 1
  B_SVT_TEMP_R2S9T_Slot4.LSV 1 1
  B_SVT_TEMP_R2S10B_Slot4.LSV 1 1
  B_SVT_TEMP_R2S10T_Slot4.LSV 1 1
  B_SVT_TEMP_R2S11B_Slot4.LSV 1 1
  B_SVT_TEMP_R2S11T_Slot4.LSV 1 1
  B_SVT_TEMP_R2S12B_Slot4.LSV 1 1
  B_SVT_TEMP_R2S12T_Slot4.LSV 1 1
  B_SVT_TEMP_R2S13B_Slot4.LSV 1 1
  B_SVT_TEMP_R2S13T_Slot4.LSV 1 1
  B_SVT_TEMP_R2S14B_Slot4.LSV 1 1
  B_SVT_TEMP_R2S14T_Slot4.LSV 1 1
  B_SVT_TEMP_R3S1B_Slot5.LSV 1 1
  B_SVT_TEMP_R3S1T_Slot5.LSV 1 1
  B_SVT_TEMP_R3S2B_Slot5.LSV 1 1
  B_SVT_TEMP_R3S2T_Slot5.LSV 1 1
  B_SVT_TEMP_R3S3B_Slot5.LSV 1 1
  B_SVT_TEMP_R3S3T_Slot5.LSV 1 1
  B_SVT_TEMP_R3S4B_Slot5.LSV 1 1
  B_SVT_TEMP_R3S4T_Slot5.LSV 1 1
  B_SVT_TEMP_R3S5B_Slot5.LSV 1 1
  B_SVT_TEMP_R3S5T_Slot5.LSV 1 1
  B_SVT_TEMP_R3S6B_Slot5.LSV 1 1
  B_SVT_TEMP_R3S6T_Slot5.LSV 1 1
  B_SVT_TEMP_R3S7B_Slot5.LSV 1 1
  B_SVT_TEMP_R3S7T_Slot5.LSV 1 1
  B_SVT_TEMP_R3S8B_Slot5.LSV 1 1
  B_SVT_TEMP_R3S8T_Slot5.LSV 1 1
  B_SVT_TEMP_R3S9B_Slot6.LSV 1 1
  B_SVT_TEMP_R3S9T_Slot6.LSV 1 1
  B_SVT_TEMP_R3S10B_Slot6.LSV 1 1
  B_SVT_TEMP_R3S10T_Slot6.LSV 1 1
  B_SVT_TEMP_R3S11B_Slot6.LSV 1 1
  B_SVT_TEMP_R3S11T_Slot6.LSV 1 1
  B_SVT_TEMP_R3S12B_Slot6.LSV 1 1
  B_SVT_TEMP_R3S12T_Slot6.LSV 1 1
  B_SVT_TEMP_R3S13B_Slot6.LSV 1 1
  B_SVT_TEMP_R3S13T_Slot6.LSV 1 1
  B_SVT_TEMP_R3S14B_Slot6.LSV 1 1
  B_SVT_TEMP_R3S14T_Slot6.LSV 1 1
  B_SVT_TEMP_R3S15B_Slot6.LSV 1 1
  B_SVT_TEMP_R3S15T_Slot6.LSV 1 1
  B_SVT_TEMP_R3S16B_Slot6.LSV 1 1
  B_SVT_TEMP_R3S16T_Slot6.LSV 1 1
  B_SVT_TEMP_R3S17B_Slot7.LSV 1 1
  B_SVT_TEMP_R3S17T_Slot7.LSV 1 1
  B_SVT_TEMP_R3S18B_Slot7.LSV 1 1
  B_SVT_TEMP_R3S18T_Slot7.LSV 1 1
  B_SVT_TEMP_R4S1B_Slot8.LSV 1 1
  B_SVT_TEMP_R4S1T_Slot8.LSV 1 1
  B_SVT_TEMP_R4S2B_Slot8.LSV 1 1
  B_SVT_TEMP_R4S2T_Slot8.LSV 1 1
  B_SVT_TEMP_R4S3B_Slot8.LSV 1 1
  B_SVT_TEMP_R4S3T_Slot8.LSV 1 1
  B_SVT_TEMP_R4S4B_Slot8.LSV 1 1
  B_SVT_TEMP_R4S4T_Slot8.LSV 1 1
  B_SVT_TEMP_R4S5B_Slot8.LSV 1 1
  B_SVT_TEMP_R4S5T_Slot8.LSV 1 1
  B_SVT_TEMP_R4S6B_Slot8.LSV 1 1
  B_SVT_TEMP_R4S6T_Slot8.LSV 1 1
  B_SVT_TEMP_R4S7B_Slot8.LSV 1 1
  B_SVT_TEMP_R4S7T_Slot8.LSV 1 1
  B_SVT_TEMP_R4S8B_Slot8.LSV 1 1
  B_SVT_TEMP_R4S8T_Slot8.LSV 1 1
  B_SVT_TEMP_R4S9B_Slot9.LSV 1 1
  B_SVT_TEMP_R4S9T_Slot9.LSV 1 1
  B_SVT_TEMP_R4S10B_Slot9.LSV 1 1
  B_SVT_TEMP_R4S10T_Slot9.LSV 1 1
  B_SVT_TEMP_R4S11B_Slot9.LSV 1 1
  B_SVT_TEMP_R4S11T_Slot9.LSV 1 1
  B_SVT_TEMP_R4S12B_Slot9.LSV 1 1
  B_SVT_TEMP_R4S12T_Slot9.LSV 1 1
  B_SVT_TEMP_R4S13B_Slot9.LSV 1 1
  B_SVT_TEMP_R4S13T_Slot9.LSV 1 1
  B_SVT_TEMP_R4S14B_Slot9.LSV 1 1
  B_SVT_TEMP_R4S14T_Slot9.LSV 1 1
  B_SVT_TEMP_R4S15B_Slot9.LSV 1 1
  B_SVT_TEMP_R4S15T_Slot9.LSV 1 1
  B_SVT_TEMP_R4S16B_Slot9.LSV 1 1
  B_SVT_TEMP_R4S16T_Slot9.LSV 1 1
  B_SVT_TEMP_R4S17B_Slot10.LSV 1 1
  B_SVT_TEMP_R4S17T_Slot10.LSV 1 1
  B_SVT_TEMP_R4S18B_Slot10.LSV 1 1
  B_SVT_TEMP_R4S18T_Slot10.LSV 1 1
  B_SVT_TEMP_R4S19B_Slot10.LSV 1 1
  B_SVT_TEMP_R4S19T_Slot10.LSV 1 1
  B_SVT_TEMP_R4S20B_Slot10.LSV 1 1
  B_SVT_TEMP_R4S20T_Slot10.LSV 1 1
  B_SVT_TEMP_R4S21B_Slot10.LSV 1 1
  B_SVT_TEMP_R4S21T_Slot10.LSV 1 1
  B_SVT_TEMP_R4S22B_Slot10.LSV 1 1
  B_SVT_TEMP_R4S22T_Slot10.LSV 1 1
  B_SVT_TEMP_R4S23B_Slot10.LSV 1 1
  B_SVT_TEMP_R4S23T_Slot10.LSV 1 1
  B_SVT_TEMP_R4S24B_Slot10.LSV 1 1
  B_SVT_TEMP_R4S24T_Slot10.LSV 1 1
  RO B_SVT_ENV_TEMP_SB1_T1_SL2 1 17.625
  RO B_SVT_ENV_TEMP_SB1_T2_SL2 1 17.625
  RO B_SVT_ENV_TEMP_SB2_T1_SL2 1 17.75
  RO B_SVT_ENV_TEMP_SB2_T2_SL2 1 17.625
  RO B_SVT_ENV_TEMP_SB3_T1_SL3 1 17.5625
  RO B_SVT_ENV_TEMP_SB3_T2_SL3 1 2048
  RO B_SVT_ENV_TEMP_SB4_T1_SL3 1 17.5
  RO B_SVT_ENV_TEMP_SB4_T2_SL3 1 17.5625
  RO B_SVT_ENV_TEMP_SB5_T1_SL4 1 17.5625
  RO B_SVT_ENV_TEMP_SB5_T2_SL4 1 17.4375
  RO B_SVT_ENV_TEMP_SB6_T1_SL4 1 17.5
  RO B_SVT_ENV_TEMP_SB6_T2_SL4 1 2048
  RO B_SVT_ENV_TEMP_SB7_T1_SL5 1 17.625
  RO B_SVT_ENV_TEMP_SB7_T2_SL5 1 17.625
  RO B_SVT_ENV_TEMP_SB8_T1_SL5 1 17.625
  RO B_SVT_ENV_TEMP_SB8_T2_SL5 1 17.6875
  RO B_SVT_ENV_TEMP_SB9_T1_SL6 1 17.6875
  RO B_SVT_ENV_TEMP_SB9_T2_SL6 1 2048
  RO B_SVT_ENV_TEMP_SB10_T1_SL6 1 17.6875
  RO B_SVT_ENV_TEMP_SB10_T2_SL6 1 17.75
  B_SVT_ENV_TEMP_SB1_T1_SL2.HIHI 1 33
  B_SVT_ENV_TEMP_SB1_T2_SL2.HIHI 1 33
  B_SVT_ENV_TEMP_SB2_T1_SL2.HIHI 1 33
  B_SVT_ENV_TEMP_SB2_T2_SL2.HIHI 1 33
  B_SVT_ENV_TEMP_SB3_T1_SL3.HIHI 1 33
  B_SVT_ENV_TEMP_SB3_T2_SL3.HIHI 1 33
  B_SVT_ENV_TEMP_SB4_T1_SL3.HIHI 1 33
  B_SVT_ENV_TEMP_SB4_T2_SL3.HIHI 1 33
  B_SVT_ENV_TEMP_SB5_T1_SL4.HIHI 1 33
  B_SVT_ENV_TEMP_SB5_T2_SL4.HIHI 1 33
  B_SVT_ENV_TEMP_SB6_T1_SL4.HIHI 1 33
  B_SVT_ENV_TEMP_SB6_T2_SL4.HIHI 1 33
  B_SVT_ENV_TEMP_SB7_T1_SL5.HIHI 1 33
  B_SVT_ENV_TEMP_SB7_T2_SL5.HIHI 1 33
  B_SVT_ENV_TEMP_SB8_T1_SL5.HIHI 1 33
  B_SVT_ENV_TEMP_SB8_T2_SL5.HIHI 1 33
  B_SVT_ENV_TEMP_SB9_T1_SL6.HIHI 1 33
  B_SVT_ENV_TEMP_SB9_T2_SL6.HIHI 1 33
  B_SVT_ENV_TEMP_SB10_T1_SL6.HIHI 1 33
  B_SVT_ENV_TEMP_SB10_T2_SL6.HIHI 1 33
  B_SVT_ENV_TEMP_SB1_T1_SL2.HIGH 1 30
  B_SVT_ENV_TEMP_SB1_T2_SL2.HIGH 1 30
  B_SVT_ENV_TEMP_SB2_T1_SL2.HIGH 1 30
  B_SVT_ENV_TEMP_SB2_T2_SL2.HIGH 1 30
  B_SVT_ENV_TEMP_SB3_T1_SL3.HIGH 1 30
  B_SVT_ENV_TEMP_SB3_T2_SL3.HIGH 1 30
  B_SVT_ENV_TEMP_SB4_T1_SL3.HIGH 1 30
  B_SVT_ENV_TEMP_SB4_T2_SL3.HIGH 1 30
  B_SVT_ENV_TEMP_SB5_T1_SL4.HIGH 1 30
  B_SVT_ENV_TEMP_SB5_T2_SL4.HIGH 1 30
  B_SVT_ENV_TEMP_SB6_T1_SL4.HIGH 1 30
  B_SVT_ENV_TEMP_SB6_T2_SL4.HIGH 1 30
  B_SVT_ENV_TEMP_SB7_T1_SL5.HIGH 1 30
  B_SVT_ENV_TEMP_SB7_T2_SL5.HIGH 1 30
  B_SVT_ENV_TEMP_SB8_T1_SL5.HIGH 1 30
  B_SVT_ENV_TEMP_SB8_T2_SL5.HIGH 1 30
  B_SVT_ENV_TEMP_SB9_T1_SL6.HIGH 1 30
  B_SVT_ENV_TEMP_SB9_T2_SL6.HIGH 1 30
  B_SVT_ENV_TEMP_SB10_T1_SL6.HIGH 1 30
  B_SVT_ENV_TEMP_SB10_T2_SL6.HIGH 1 30
  B_SVT_ENV_TEMP_SB1_T1_SL2.LOLO 1 10
  B_SVT_ENV_TEMP_SB1_T2_SL2.LOLO 1 10
  B_SVT_ENV_TEMP_SB2_T1_SL2.LOLO 1 10
  B_SVT_ENV_TEMP_SB2_T2_SL2.LOLO 1 10
  B_SVT_ENV_TEMP_SB3_T1_SL3.LOLO 1 10
  B_SVT_ENV_TEMP_SB3_T2_SL3.LOLO 1 10
  B_SVT_ENV_TEMP_SB4_T1_SL3.LOLO 1 10
  B_SVT_ENV_TEMP_SB4_T2_SL3.LOLO 1 10
  B_SVT_ENV_TEMP_SB5_T1_SL4.LOLO 1 10
  B_SVT_ENV_TEMP_SB5_T2_SL4.LOLO 1 10
  B_SVT_ENV_TEMP_SB6_T1_SL4.LOLO 1 10
  B_SVT_ENV_TEMP_SB6_T2_SL4.LOLO 1 10
  B_SVT_ENV_TEMP_SB7_T1_SL5.LOLO 1 10
  B_SVT_ENV_TEMP_SB7_T2_SL5.LOLO 1 10
  B_SVT_ENV_TEMP_SB8_T1_SL5.LOLO 1 10
  B_SVT_ENV_TEMP_SB8_T2_SL5.LOLO 1 10
  B_SVT_ENV_TEMP_SB9_T1_SL6.LOLO 1 10
  B_SVT_ENV_TEMP_SB9_T2_SL6.LOLO 1 10
  B_SVT_ENV_TEMP_SB10_T1_SL6.LOLO 1 10
  B_SVT_ENV_TEMP_SB10_T2_SL6.LOLO 1 10
  B_SVT_ENV_TEMP_SB1_T1_SL2.LOW 1 18
  B_SVT_ENV_TEMP_SB1_T2_SL2.LOW 1 18
  B_SVT_ENV_TEMP_SB2_T1_SL2.LOW 1 18
  B_SVT_ENV_TEMP_SB2_T2_SL2.LOW 1 18
  B_SVT_ENV_TEMP_SB3_T1_SL3.LOW 1 18
  B_SVT_ENV_TEMP_SB3_T2_SL3.LOW 1 18
  B_SVT_ENV_TEMP_SB4_T1_SL3.LOW 1 18
  B_SVT_ENV_TEMP_SB4_T2_SL3.LOW 1 18
  B_SVT_ENV_TEMP_SB5_T1_SL4.LOW 1 18
  B_SVT_ENV_TEMP_SB5_T2_SL4.LOW 1 18
  B_SVT_ENV_TEMP_SB6_T1_SL4.LOW 1 18
  B_SVT_ENV_TEMP_SB6_T2_SL4.LOW 1 18
  B_SVT_ENV_TEMP_SB7_T1_SL5.LOW 1 18
  B_SVT_ENV_TEMP_SB7_T2_SL5.LOW 1 18
  B_SVT_ENV_TEMP_SB8_T1_SL5.LOW 1 18
  B_SVT_ENV_TEMP_SB8_T2_SL5.LOW 1 18
  B_SVT_ENV_TEMP_SB9_T1_SL6.LOW 1 18
  B_SVT_ENV_TEMP_SB9_T2_SL6.LOW 1 18
  B_SVT_ENV_TEMP_SB10_T1_SL6.LOW 1 18
  B_SVT_ENV_TEMP_SB10_T2_SL6.LOW 1 18
  B_SVT_ENV_TEMP_SB1_T1_SL2.HHSV 1 2
  B_SVT_ENV_TEMP_SB1_T2_SL2.HHSV 1 2
  B_SVT_ENV_TEMP_SB2_T1_SL2.HHSV 1 2
  B_SVT_ENV_TEMP_SB2_T2_SL2.HHSV 1 2
  B_SVT_ENV_TEMP_SB3_T1_SL3.HHSV 1 2
  B_SVT_ENV_TEMP_SB3_T2_SL3.HHSV 1 2
  B_SVT_ENV_TEMP_SB4_T1_SL3.HHSV 1 2
  B_SVT_ENV_TEMP_SB4_T2_SL3.HHSV 1 2
  B_SVT_ENV_TEMP_SB5_T1_SL4.HHSV 1 2
  B_SVT_ENV_TEMP_SB5_T2_SL4.HHSV 1 2
  B_SVT_ENV_TEMP_SB6_T1_SL4.HHSV 1 2
  B_SVT_ENV_TEMP_SB6_T2_SL4.HHSV 1 2
  B_SVT_ENV_TEMP_SB7_T1_SL5.HHSV 1 2
  B_SVT_ENV_TEMP_SB7_T2_SL5.HHSV 1 2
  B_SVT_ENV_TEMP_SB8_T1_SL5.HHSV 1 2
  B_SVT_ENV_TEMP_SB8_T2_SL5.HHSV 1 2
  B_SVT_ENV_TEMP_SB9_T1_SL6.HHSV 1 2
  B_SVT_ENV_TEMP_SB9_T2_SL6.HHSV 1 2
  B_SVT_ENV_TEMP_SB10_T1_SL6.HHSV 1 2
  B_SVT_ENV_TEMP_SB10_T2_SL6.HHSV 1 2
  B_SVT_ENV_TEMP_SB1_T1_SL2.HSV 1 1
  B_SVT_ENV_TEMP_SB1_T2_SL2.HSV 1 1
  B_SVT_ENV_TEMP_SB2_T1_SL2.HSV 1 1
  B_SVT_ENV_TEMP_SB2_T2_SL2.HSV 1 1
  B_SVT_ENV_TEMP_SB3_T1_SL3.HSV 1 1
  B_SVT_ENV_TEMP_SB3_T2_SL3.HSV 1 1
  B_SVT_ENV_TEMP_SB4_T1_SL3.HSV 1 1
  B_SVT_ENV_TEMP_SB4_T2_SL3.HSV 1 1
  B_SVT_ENV_TEMP_SB5_T1_SL4.HSV 1 1
  B_SVT_ENV_TEMP_SB5_T2_SL4.HSV 1 1
  B_SVT_ENV_TEMP_SB6_T1_SL4.HSV 1 1
  B_SVT_ENV_TEMP_SB6_T2_SL4.HSV 1 1
  B_SVT_ENV_TEMP_SB7_T1_SL5.HSV 1 1
  B_SVT_ENV_TEMP_SB7_T2_SL5.HSV 1 1
  B_SVT_ENV_TEMP_SB8_T1_SL5.HSV 1 1
  B_SVT_ENV_TEMP_SB8_T2_SL5.HSV 1 1
  B_SVT_ENV_TEMP_SB9_T1_SL6.HSV 1 1
  B_SVT_ENV_TEMP_SB9_T2_SL6.HSV 1 1
  B_SVT_ENV_TEMP_SB10_T1_SL6.HSV 1 1
  B_SVT_ENV_TEMP_SB10_T2_SL6.HSV 1 1
  B_SVT_ENV_TEMP_SB1_T1_SL2.LLSV 1 2
  B_SVT_ENV_TEMP_SB1_T2_SL2.LLSV 1 2
  B_SVT_ENV_TEMP_SB2_T1_SL2.LLSV 1 2
  B_SVT_ENV_TEMP_SB2_T2_SL2.LLSV 1 2
  B_SVT_ENV_TEMP_SB3_T1_SL3.LLSV 1 2
  B_SVT_ENV_TEMP_SB3_T2_SL3.LLSV 1 2
  B_SVT_ENV_TEMP_SB4_T1_SL3.LLSV 1 2
  B_SVT_ENV_TEMP_SB4_T2_SL3.LLSV 1 2
  B_SVT_ENV_TEMP_SB5_T1_SL4.LLSV 1 2
  B_SVT_ENV_TEMP_SB5_T2_SL4.LLSV 1 2
  B_SVT_ENV_TEMP_SB6_T1_SL4.LLSV 1 2
  B_SVT_ENV_TEMP_SB6_T2_SL4.LLSV 1 2
  B_SVT_ENV_TEMP_SB7_T1_SL5.LLSV 1 2
  B_SVT_ENV_TEMP_SB7_T2_SL5.LLSV 1 2
  B_SVT_ENV_TEMP_SB8_T1_SL5.LLSV 1 2
  B_SVT_ENV_TEMP_SB8_T2_SL5.LLSV 1 2
  B_SVT_ENV_TEMP_SB9_T1_SL6.LLSV 1 2
  B_SVT_ENV_TEMP_SB9_T2_SL6.LLSV 1 2
  B_SVT_ENV_TEMP_SB10_T1_SL6.LLSV 1 2
  B_SVT_ENV_TEMP_SB10_T2_SL6.LLSV 1 2
  B_SVT_ENV_TEMP_SB1_T1_SL2.LSV 1 1
  B_SVT_ENV_TEMP_SB1_T2_SL2.LSV 1 1
  B_SVT_ENV_TEMP_SB2_T1_SL2.LSV 1 1
  B_SVT_ENV_TEMP_SB2_T2_SL2.LSV 1 1
  B_SVT_ENV_TEMP_SB3_T1_SL3.LSV 1 1
  B_SVT_ENV_TEMP_SB3_T2_SL3.LSV 1 1
  B_SVT_ENV_TEMP_SB4_T1_SL3.LSV 1 1
  B_SVT_ENV_TEMP_SB4_T2_SL3.LSV 1 1
  B_SVT_ENV_TEMP_SB5_T1_SL4.LSV 1 1
  B_SVT_ENV_TEMP_SB5_T2_SL4.LSV 1 1
  B_SVT_ENV_TEMP_SB6_T1_SL4.LSV 1 1
  B_SVT_ENV_TEMP_SB6_T2_SL4.LSV 1 1
  B_SVT_ENV_TEMP_SB7_T1_SL5.LSV 1 1
  B_SVT_ENV_TEMP_SB7_T2_SL5.LSV 1 1
  B_SVT_ENV_TEMP_SB8_T1_SL5.LSV 1 1
  B_SVT_ENV_TEMP_SB8_T2_SL5.LSV 1 1
  B_SVT_ENV_TEMP_SB9_T1_SL6.LSV 1 1
  B_SVT_ENV_TEMP_SB9_T2_SL6.LSV 1 1
  B_SVT_ENV_TEMP_SB10_T1_SL6.LSV 1 1
  B_SVT_ENV_TEMP_SB10_T2_SL6.LSV 1 1
  RO B_SVT_ENV_TMPR_SL2 1 21.4375
  RO B_SVT_ENV_TMPR_SL3 1 20.25
  RO B_SVT_ENV_TMPR_SL4 1 20.4375
  RO B_SVT_ENV_TMPR_SL5 1 20.4375
  RO B_SVT_ENV_TMPR_SL6 1 20.25
  RO B_SVT_ENV_TMPR_SL7 1 20.25
  RO B_SVT_ENV_TMPR_SL8 1 20.3125
  RO B_SVT_ENV_TMPR_SL9 1 20.125
  RO B_SVT_ENV_TMPR_SL10 1 20.1875
  RO B_SVT_ENV_TMPR_SL11 1 20.3125
  RO B_SVT_ENV_TMPR_SL12 1 20.5
--- Start Burt header
Time: Wed Mar 16 15:26:22 2016
Login ID: withers (Sue Witherspoon,,,)
Eff UID: 766
Group ID: 106
Keywords:
Comments:
Type: Absolute
App: myRestore 2.6.1
Req File: System
--- End Burt header
  ioctlsvt:CAsecure_clr.OUTC 1 "ioctlsvt:CAsecure_openhour.PROC NPP NM"
  ioctlsvt:CAsecure_clr.OUTD 1 "0.000000000000000e+00"
  RO ioctlsvt:ioc_sr.VALD 1 0
--- Start Burt header
Time: Wed Mar 16 15:26:22 2016
Login ID: withers (Sue Witherspoon,,,)
Eff UID: 766
Group ID: 106
Keywords:
Comments:
Type: Absolute
App: myRestore 2.6.1
Req File: svtHumidty
--- End Burt header
  RO B_SVT_ENV_Hum_SB1_H1_SL11 1 -25.6235
  RO B_SVT_ENV_Hum_SB1_H2_SL11 1 29.6561
  RO B_SVT_ENV_Hum_SB2_H1_SL11 1 28.7268
  RO B_SVT_ENV_Hum_SB2_H2_SL11 1 28.5907
  RO B_SVT_ENV_Hum_SB3_H1_SL11 1 35.957
  RO B_SVT_ENV_Hum_SB3_H2_SL11 1 -25.8112
  RO B_SVT_ENV_Hum_SB4_H1_SL11 1 29.3343
  RO B_SVT_ENV_Hum_SB4_H2_SL11 1 29.0712
  RO B_SVT_ENV_Hum_SB5_H1_SL11 1 23.4543
  RO B_SVT_ENV_Hum_SB5_H2_SL11 1 22.6031
  RO B_SVT_ENV_Hum_SB6_H1_SL11 1 34.4964
  RO B_SVT_ENV_Hum_SB6_H2_SL11 1 -25.8129
  RO B_SVT_ENV_Hum_SB7_H1_SL12 1 39.8584
  RO B_SVT_ENV_Hum_SB7_H2_SL12 1 42.007
  RO B_SVT_ENV_Hum_SB8_H1_SL12 1 28.0811
  RO B_SVT_ENV_Hum_SB8_H2_SL12 1 28.1241
  RO B_SVT_ENV_Hum_SB9_H1_SL12 1 27.8574
  RO B_SVT_ENV_Hum_SB9_H2_SL12 1 -25.8123
  RO B_SVT_ENV_Hum_SB10_H1_SL12 1 30.8423
  RO B_SVT_ENV_Hum_SB10_H2_SL12 1 30.2252
  RO B_SVT_EX_ENV_Hum_SB1_H1_SL11 1 43.4813
  RO B_SVT_EX_ENV_Hum_SB1_H2_SL11 1 43.893
  RO B_SVT_EX_ENV_Hum_SB2_H1_SL11 1 42.6125
  RO B_SVT_EX_ENV_Hum_SB2_H2_SL11 1 42.7775
--- Start Burt header
Time: Wed Mar 16 15:26:22 2016
Login ID: withers (Sue Witherspoon,,,)
Eff UID: 766
Group ID: 106
Keywords:
Comments:
Type: Absolute
App: myRestore 2.6.1
Req File: svtMasterInterlocks
--- End Burt header
  RO B_SVT_V450_Ambient_BD1 1 17.625
  RO B_SVT_V450_Ambient_BD2 1 17.75
  RO B_SVT_V450_Ambient_BD3 1 17.5625
  RO B_SVT_V450_Ambient_BD4 1 17.5
  RO B_SVT_V450_Ambient_BD5 1 17.5625
  RO B_SVT_V450_Ambient_BD6 1 17.5
  RO B_SVT_V450_Ambient_BD7 1 17.625
  RO B_SVT_V450_Ambient_BD8 1 17.625
  RO B_SVT_V450_Ambient_BD9 1 17.6875
  RO B_SVT_V450_Ambient_BD10 1 17.6875
  RO B_SVT_V450_Ambient_BD11 1 21.9375
  RO B_SVT_V450_Ambient_BD12 1 22
  RO B_SVT_V450_Humidity_BD1 1 -25.6235
  RO B_SVT_V450_Humidity_BD2 1 28.7268
  RO B_SVT_V450_Humidity_BD3 1 35.957
  RO B_SVT_V450_Humidity_BD4 1 29.3343
  RO B_SVT_V450_Humidity_BD5 1 23.4543
  RO B_SVT_V450_Humidity_BD6 1 34.4964
  RO B_SVT_V450_Humidity_BD7 1 39.8584
  RO B_SVT_V450_Humidity_BD8 1 28.0811
  RO B_SVT_V450_Humidity_BD9 1 27.8574
  RO B_SVT_V450_Humidity_BD10 1 30.8423
  RO B_SVT_V450_Humidity_BD11 1 43.4813
  RO B_SVT_V450_Humidity_BD12 1 42.6125
  RO B_SVT_V450_Slot11_Dewpoint_Alm_BD1 1 25.0835
  RO B_SVT_V450_Slot11_Dewpoint_Alm_BD2 1 14.1956
  RO B_SVT_V450_Slot11_Dewpoint_Alm_BD3 1 12.7736
  RO B_SVT_V450_Slot11_Dewpoint_Alm_BD4 1 14.1011
  RO B_SVT_V450_Slot11_Dewpoint_Alm_BD5 1 15.3494
  RO B_SVT_V450_Slot11_Dewpoint_Alm_BD6 1 13.0978
  RO B_SVT_V450_Slot11_Dewpoint_Alm_BD7 1 11.3551
  RO B_SVT_V450_Slot11_Dewpoint_Alm_BD8 1 11.4755
  RO B_SVT_V450_Slot11_Dewpoint_BD1 1 -3.18125
  RO B_SVT_V450_Slot11_Dewpoint_BD2 1 7.6918
  RO B_SVT_V450_Slot11_Dewpoint_BD3 1 9.13402
  RO B_SVT_V450_Slot11_Dewpoint_BD4 1 7.79115
  RO B_SVT_V450_Slot11_Dewpoint_BD5 1 6.62231
  RO B_SVT_V450_Slot11_Dewpoint_BD6 1 8.83328
  RO B_SVT_V450_Slot11_Dewpoint_BD7 1 10.6264
  RO B_SVT_V450_Slot11_Dewpoint_BD8 1 10.4643
  RO B_SVT_V450_Slot12_Dewpoint_Alm_BD1 1 21.3934
  RO B_SVT_V450_Slot12_Dewpoint_Alm_BD2 1 22.9676
  RO B_SVT_V450_Slot12_Dewpoint_Alm_BD3 1 11.9006
  RO B_SVT_V450_Slot12_Dewpoint_Alm_BD4 1 25.1623
  RO B_SVT_V450_Slot12_Dewpoint_Alm_BD5 1 12.0283
  RO B_SVT_V450_Slot12_Dewpoint_Alm_BD6 1 14.438
  RO B_SVT_V450_Slot12_Dewpoint_Alm_BD7 1 14.4345
  RO B_SVT_V450_Slot12_Dewpoint_Alm_BD8 1 13.7583
  RO B_SVT_V450_Slot12_Dewpoint_BD1 1 0.597032
  RO B_SVT_V450_Slot12_Dewpoint_BD2 1 -1.02857
  RO B_SVT_V450_Slot12_Dewpoint_BD3 1 10.0371
  RO B_SVT_V450_Slot12_Dewpoint_BD4 1 -3.22468
  RO B_SVT_V450_Slot12_Dewpoint_BD5 1 9.89749
  RO B_SVT_V450_Slot12_Dewpoint_BD6 1 7.54328
  RO B_SVT_V450_Slot12_Dewpoint_BD7 1 7.4962
  RO B_SVT_V450_Slot12_Dewpoint_BD8 1 8.12111
  B_SVT_V450_Ambient_BD1.HIGH 1 25
  B_SVT_V450_Ambient_BD2.HIGH 1 25
  B_SVT_V450_Ambient_BD3.HIGH 1 25
  B_SVT_V450_Ambient_BD4.HIGH 1 25
  B_SVT_V450_Ambient_BD5.HIGH 1 25
  B_SVT_V450_Ambient_BD6.HIGH 1 25
  B_SVT_V450_Ambient_BD7.HIGH 1 25
  B_SVT_V450_Ambient_BD8.HIGH 1 25
  B_SVT_V450_Ambient_BD9.HIGH 1 25
  B_SVT_V450_Ambient_BD10.HIGH 1 25
  B_SVT_V450_Ambient_BD11.HIGH 1 25
  B_SVT_V450_Ambient_BD12.HIGH 1 25
  B_SVT_V450_Humidity_BD1.HIGH 1 60
  B_SVT_V450_Humidity_BD2.HIGH 1 60
  B_SVT_V450_Humidity_BD3.HIGH 1 60
  B_SVT_V450_Humidity_BD4.HIGH 1 60
  B_SVT_V450_Humidity_BD5.HIGH 1 60
  B_SVT_V450_Humidity_BD6.HIGH 1 60
  B_SVT_V450_Humidity_BD7.HIGH 1 60
  B_SVT_V450_Humidity_BD8.HIGH 1 60
  B_SVT_V450_Humidity_BD9.HIGH 1 60
  B_SVT_V450_Humidity_BD10.HIGH 1 60
  B_SVT_V450_Humidity_BD11.HIGH 1 60
  B_SVT_V450_Humidity_BD12.HIGH 1 60
  B_SVT_V450_Slot11_Dewpoint_Alm_BD1.HIGH 1 0
  B_SVT_V450_Slot11_Dewpoint_Alm_BD2.HIGH 1 0
  B_SVT_V450_Slot11_Dewpoint_Alm_BD3.HIGH 1 0
  B_SVT_V450_Slot11_Dewpoint_Alm_BD4.HIGH 1 0
  B_SVT_V450_Slot11_Dewpoint_Alm_BD5.HIGH 1 0
  B_SVT_V450_Slot11_Dewpoint_Alm_BD6.HIGH 1 0
  B_SVT_V450_Slot11_Dewpoint_Alm_BD7.HIGH 1 0
  B_SVT_V450_Slot11_Dewpoint_Alm_BD8.HIGH 1 0
  B_SVT_V450_Slot11_Dewpoint_BD1.HIGH 1 0
  B_SVT_V450_Slot11_Dewpoint_BD2.HIGH 1 0
  B_SVT_V450_Slot11_Dewpoint_BD3.HIGH 1 0
  B_SVT_V450_Slot11_Dewpoint_BD4.HIGH 1 0
  B_SVT_V450_Slot11_Dewpoint_BD5.HIGH 1 0
  B_SVT_V450_Slot11_Dewpoint_BD6.HIGH 1 0
  B_SVT_V450_Slot11_Dewpoint_BD7.HIGH 1 0
  B_SVT_V450_Slot11_Dewpoint_BD8.HIGH 1 0
  B_SVT_V450_Slot12_Dewpoint_Alm_BD1.HIGH 1 0
  B_SVT_V450_Slot12_Dewpoint_Alm_BD2.HIGH 1 0
  B_SVT_V450_Slot12_Dewpoint_Alm_BD3.HIGH 1 0
  B_SVT_V450_Slot12_Dewpoint_Alm_BD4.HIGH 1 0
  B_SVT_V450_Slot12_Dewpoint_Alm_BD5.HIGH 1 0
  B_SVT_V450_Slot12_Dewpoint_Alm_BD6.HIGH 1 0
  B_SVT_V450_Slot12_Dewpoint_Alm_BD7.HIGH 1 0
  B_SVT_V450_Slot12_Dewpoint_Alm_BD8.HIGH 1 0
  B_SVT_V450_Slot12_Dewpoint_BD1.HIGH 1 0
  B_SVT_V450_Slot12_Dewpoint_BD2.HIGH 1 0
  B_SVT_V450_Slot12_Dewpoint_BD3.HIGH 1 0
  B_SVT_V450_Slot12_Dewpoint_BD4.HIGH 1 0
  B_SVT_V450_Slot12_Dewpoint_BD5.HIGH 1 0
  B_SVT_V450_Slot12_Dewpoint_BD6.HIGH 1 0
  B_SVT_V450_Slot12_Dewpoint_BD7.HIGH 1 0
  B_SVT_V450_Slot12_Dewpoint_BD8.HIGH 1 0
  B_SVT_V450_Ambient_BD1.HIHI 1 30
  B_SVT_V450_Ambient_BD2.HIHI 1 30
  B_SVT_V450_Ambient_BD3.HIHI 1 30
  B_SVT_V450_Ambient_BD4.HIHI 1 30
  B_SVT_V450_Ambient_BD5.HIHI 1 30
  B_SVT_V450_Ambient_BD6.HIHI 1 30
  B_SVT_V450_Ambient_BD7.HIHI 1 30
  B_SVT_V450_Ambient_BD8.HIHI 1 30
  B_SVT_V450_Ambient_BD9.HIHI 1 30
  B_SVT_V450_Ambient_BD10.HIHI 1 30
  B_SVT_V450_Ambient_BD11.HIHI 1 30
  B_SVT_V450_Ambient_BD12.HIHI 1 30
  B_SVT_V450_Humidity_BD1.HIHI 1 70
  B_SVT_V450_Humidity_BD2.HIHI 1 70
  B_SVT_V450_Humidity_BD3.HIHI 1 70
  B_SVT_V450_Humidity_BD4.HIHI 1 70
  B_SVT_V450_Humidity_BD5.HIHI 1 70
  B_SVT_V450_Humidity_BD6.HIHI 1 70
  B_SVT_V450_Humidity_BD7.HIHI 1 70
  B_SVT_V450_Humidity_BD8.HIHI 1 70
  B_SVT_V450_Humidity_BD9.HIHI 1 70
  B_SVT_V450_Humidity_BD10.HIHI 1 70
  B_SVT_V450_Humidity_BD11.HIHI 1 70
  B_SVT_V450_Humidity_BD12.HIHI 1 70
  B_SVT_V450_Slot11_Dewpoint_Alm_BD1.HIHI 1 0
  B_SVT_V450_Slot11_Dewpoint_Alm_BD2.HIHI 1 0
  B_SVT_V450_Slot11_Dewpoint_Alm_BD3.HIHI 1 0
  B_SVT_V450_Slot11_Dewpoint_Alm_BD4.HIHI 1 0
  B_SVT_V450_Slot11_Dewpoint_Alm_BD5.HIHI 1 0
  B_SVT_V450_Slot11_Dewpoint_Alm_BD6.HIHI 1 0
  B_SVT_V450_Slot11_Dewpoint_Alm_BD7.HIHI 1 0
  B_SVT_V450_Slot11_Dewpoint_Alm_BD8.HIHI 1 0
  B_SVT_V450_Slot11_Dewpoint_BD1.HIHI 1 0
  B_SVT_V450_Slot11_Dewpoint_BD2.HIHI 1 0
  B_SVT_V450_Slot11_Dewpoint_BD3.HIHI 1 0
  B_SVT_V450_Slot11_Dewpoint_BD4.HIHI 1 0
  B_SVT_V450_Slot11_Dewpoint_BD5.HIHI 1 0
  B_SVT_V450_Slot11_Dewpoint_BD6.HIHI 1 0
  B_SVT_V450_Slot11_Dewpoint_BD7.HIHI 1 0
  B_SVT_V450_Slot11_Dewpoint_BD8.HIHI 1 0
  B_SVT_V450_Slot12_Dewpoint_Alm_BD1.HIHI 1 0
  B_SVT_V450_Slot12_Dewpoint_Alm_BD2.HIHI 1 0
  B_SVT_V450_Slot12_Dewpoint_Alm_BD3.HIHI 1 0
  B_SVT_V450_Slot12_Dewpoint_Alm_BD4.HIHI 1 0
  B_SVT_V450_Slot12_Dewpoint_Alm_BD5.HIHI 1 0
  B_SVT_V450_Slot12_Dewpoint_Alm_BD6.HIHI 1 0
  B_SVT_V450_Slot12_Dewpoint_Alm_BD7.HIHI 1 0
  B_SVT_V450_Slot12_Dewpoint_Alm_BD8.HIHI 1 0
  B_SVT_V450_Slot12_Dewpoint_BD1.HIHI 1 0
  B_SVT_V450_Slot12_Dewpoint_BD2.HIHI 1 0
  B_SVT_V450_Slot12_Dewpoint_BD3.HIHI 1 0
  B_SVT_V450_Slot12_Dewpoint_BD4.HIHI 1 0
  B_SVT_V450_Slot12_Dewpoint_BD5.HIHI 1 0
  B_SVT_V450_Slot12_Dewpoint_BD6.HIHI 1 0
  B_SVT_V450_Slot12_Dewpoint_BD7.HIHI 1 0
  B_SVT_V450_Slot12_Dewpoint_BD8.HIHI 1 0
  B_SVT_V450_Ambient_BD1.LOW 1 16
  B_SVT_V450_Ambient_BD2.LOW 1 16
  B_SVT_V450_Ambient_BD3.LOW 1 16
  B_SVT_V450_Ambient_BD4.LOW 1 16
  B_SVT_V450_Ambient_BD5.LOW 1 16
  B_SVT_V450_Ambient_BD6.LOW 1 16
  B_SVT_V450_Ambient_BD7.LOW 1 16
  B_SVT_V450_Ambient_BD8.LOW 1 16
  B_SVT_V450_Ambient_BD9.LOW 1 16
  B_SVT_V450_Ambient_BD10.LOW 1 16
  B_SVT_V450_Ambient_BD11.LOW 1 16
  B_SVT_V450_Ambient_BD12.LOW 1 16
  B_SVT_V450_Humidity_BD1.LOW 1 30
  B_SVT_V450_Humidity_BD2.LOW 1 30
  B_SVT_V450_Humidity_BD3.LOW 1 30
  B_SVT_V450_Humidity_BD4.LOW 1 30
  B_SVT_V450_Humidity_BD5.LOW 1 30
  B_SVT_V450_Humidity_BD6.LOW 1 30
  B_SVT_V450_Humidity_BD7.LOW 1 30
  B_SVT_V450_Humidity_BD8.LOW 1 30
  B_SVT_V450_Humidity_BD9.LOW 1 30
  B_SVT_V450_Humidity_BD10.LOW 1 30
  B_SVT_V450_Humidity_BD11.LOW 1 30
  B_SVT_V450_Humidity_BD12.LOW 1 30
  B_SVT_V450_Slot11_Dewpoint_Alm_BD1.LOW 1 5
  B_SVT_V450_Slot11_Dewpoint_Alm_BD2.LOW 1 5
  B_SVT_V450_Slot11_Dewpoint_Alm_BD3.LOW 1 5
  B_SVT_V450_Slot11_Dewpoint_Alm_BD4.LOW 1 5
  B_SVT_V450_Slot11_Dewpoint_Alm_BD5.LOW 1 5
  B_SVT_V450_Slot11_Dewpoint_Alm_BD6.LOW 1 5
  B_SVT_V450_Slot11_Dewpoint_Alm_BD7.LOW 1 5
  B_SVT_V450_Slot11_Dewpoint_Alm_BD8.LOW 1 5
  B_SVT_V450_Slot11_Dewpoint_BD1.LOW 1 0
  B_SVT_V450_Slot11_Dewpoint_BD2.LOW 1 0
  B_SVT_V450_Slot11_Dewpoint_BD3.LOW 1 0
  B_SVT_V450_Slot11_Dewpoint_BD4.LOW 1 0
  B_SVT_V450_Slot11_Dewpoint_BD5.LOW 1 0
  B_SVT_V450_Slot11_Dewpoint_BD6.LOW 1 0
  B_SVT_V450_Slot11_Dewpoint_BD7.LOW 1 0
  B_SVT_V450_Slot11_Dewpoint_BD8.LOW 1 0
  B_SVT_V450_Slot12_Dewpoint_Alm_BD1.LOW 1 5
  B_SVT_V450_Slot12_Dewpoint_Alm_BD2.LOW 1 5
  B_SVT_V450_Slot12_Dewpoint_Alm_BD3.LOW 1 5
  B_SVT_V450_Slot12_Dewpoint_Alm_BD4.LOW 1 5
  B_SVT_V450_Slot12_Dewpoint_Alm_BD5.LOW 1 5
  B_SVT_V450_Slot12_Dewpoint_Alm_BD6.LOW 1 5
  B_SVT_V450_Slot12_Dewpoint_Alm_BD7.LOW 1 5
  B_SVT_V450_Slot12_Dewpoint_Alm_BD8.LOW 1 5
  B_SVT_V450_Slot12_Dewpoint_BD1.LOW 1 0
  B_SVT_V450_Slot12_Dewpoint_BD2.LOW 1 0
  B_SVT_V450_Slot12_Dewpoint_BD3.LOW 1 0
  B_SVT_V450_Slot12_Dewpoint_BD4.LOW 1 0
  B_SVT_V450_Slot12_Dewpoint_BD5.LOW 1 0
  B_SVT_V450_Slot12_Dewpoint_BD6.LOW 1 0
  B_SVT_V450_Slot12_Dewpoint_BD7.LOW 1 0
  B_SVT_V450_Slot12_Dewpoint_BD8.LOW 1 0
  B_SVT_V450_Ambient_BD1.LOLO 1 12
  B_SVT_V450_Ambient_BD2.LOLO 1 12
  B_SVT_V450_Ambient_BD3.LOLO 1 12
  B_SVT_V450_Ambient_BD4.LOLO 1 12
  B_SVT_V450_Ambient_BD5.LOLO 1 12
  B_SVT_V450_Ambient_BD6.LOLO 1 12
  B_SVT_V450_Ambient_BD7.LOLO 1 12
  B_SVT_V450_Ambient_BD8.LOLO 1 12
  B_SVT_V450_Ambient_BD9.LOLO 1 12
  B_SVT_V450_Ambient_BD10.LOLO 1 12
  B_SVT_V450_Ambient_BD11.LOLO 1 12
  B_SVT_V450_Ambient_BD12.LOLO 1 12
  B_SVT_V450_Humidity_BD1.LOLO 1 20
  B_SVT_V450_Humidity_BD2.LOLO 1 20
  B_SVT_V450_Humidity_BD3.LOLO 1 20
  B_SVT_V450_Humidity_BD4.LOLO 1 20
  B_SVT_V450_Humidity_BD5.LOLO 1 20
  B_SVT_V450_Humidity_BD6.LOLO 1 20
  B_SVT_V450_Humidity_BD7.LOLO 1 20
  B_SVT_V450_Humidity_BD8.LOLO 1 20
  B_SVT_V450_Humidity_BD9.LOLO 1 20
  B_SVT_V450_Humidity_BD10.LOLO 1 20
  B_SVT_V450_Humidity_BD11.LOLO 1 20
  B_SVT_V450_Humidity_BD12.LOLO 1 20
  B_SVT_V450_Slot11_Dewpoint_Alm_BD1.LOLO 1 3
  B_SVT_V450_Slot11_Dewpoint_Alm_BD2.LOLO 1 3
  B_SVT_V450_Slot11_Dewpoint_Alm_BD3.LOLO 1 3
  B_SVT_V450_Slot11_Dewpoint_Alm_BD4.LOLO 1 3
  B_SVT_V450_Slot11_Dewpoint_Alm_BD5.LOLO 1 3
  B_SVT_V450_Slot11_Dewpoint_Alm_BD6.LOLO 1 3
  B_SVT_V450_Slot11_Dewpoint_Alm_BD7.LOLO 1 3
  B_SVT_V450_Slot11_Dewpoint_Alm_BD8.LOLO 1 3
  B_SVT_V450_Slot11_Dewpoint_BD1.LOLO 1 0
  B_SVT_V450_Slot11_Dewpoint_BD2.LOLO 1 0
  B_SVT_V450_Slot11_Dewpoint_BD3.LOLO 1 0
  B_SVT_V450_Slot11_Dewpoint_BD4.LOLO 1 0
  B_SVT_V450_Slot11_Dewpoint_BD5.LOLO 1 0
  B_SVT_V450_Slot11_Dewpoint_BD6.LOLO 1 0
  B_SVT_V450_Slot11_Dewpoint_BD7.LOLO 1 0
  B_SVT_V450_Slot11_Dewpoint_BD8.LOLO 1 0
  B_SVT_V450_Slot12_Dewpoint_Alm_BD1.LOLO 1 3
  B_SVT_V450_Slot12_Dewpoint_Alm_BD2.LOLO 1 3
  B_SVT_V450_Slot12_Dewpoint_Alm_BD3.LOLO 1 3
  B_SVT_V450_Slot12_Dewpoint_Alm_BD4.LOLO 1 3
  B_SVT_V450_Slot12_Dewpoint_Alm_BD5.LOLO 1 3
  B_SVT_V450_Slot12_Dewpoint_Alm_BD6.LOLO 1 3
  B_SVT_V450_Slot12_Dewpoint_Alm_BD7.LOLO 1 3
  B_SVT_V450_Slot12_Dewpoint_Alm_BD8.LOLO 1 3
  B_SVT_V450_Slot12_Dewpoint_BD1.LOLO 1 0
  B_SVT_V450_Slot12_Dewpoint_BD2.LOLO 1 0
  B_SVT_V450_Slot12_Dewpoint_BD3.LOLO 1 0
  B_SVT_V450_Slot12_Dewpoint_BD4.LOLO 1 0
  B_SVT_V450_Slot12_Dewpoint_BD5.LOLO 1 0
  B_SVT_V450_Slot12_Dewpoint_BD6.LOLO 1 0
  B_SVT_V450_Slot12_Dewpoint_BD7.LOLO 1 0
  B_SVT_V450_Slot12_Dewpoint_BD8.LOLO 1 0
  B_SVT_V450_Ambient_BD1.HHSV 1 2
  B_SVT_V450_Ambient_BD2.HHSV 1 2
  B_SVT_V450_Ambient_BD3.HHSV 1 2
  B_SVT_V450_Ambient_BD4.HHSV 1 2
  B_SVT_V450_Ambient_BD5.HHSV 1 2
  B_SVT_V450_Ambient_BD6.HHSV 1 2
  B_SVT_V450_Ambient_BD7.HHSV 1 2
  B_SVT_V450_Ambient_BD8.HHSV 1 2
  B_SVT_V450_Ambient_BD9.HHSV 1 2
  B_SVT_V450_Ambient_BD10.HHSV 1 2
  B_SVT_V450_Ambient_BD11.HHSV 1 2
  B_SVT_V450_Ambient_BD12.HHSV 1 2
  B_SVT_V450_Humidity_BD1.HHSV 1 2
  B_SVT_V450_Humidity_BD2.HHSV 1 2
  B_SVT_V450_Humidity_BD3.HHSV 1 2
  B_SVT_V450_Humidity_BD4.HHSV 1 2
  B_SVT_V450_Humidity_BD5.HHSV 1 2
  B_SVT_V450_Humidity_BD6.HHSV 1 2
  B_SVT_V450_Humidity_BD7.HHSV 1 2
  B_SVT_V450_Humidity_BD8.HHSV 1 2
  B_SVT_V450_Humidity_BD9.HHSV 1 2
  B_SVT_V450_Humidity_BD10.HHSV 1 2
  B_SVT_V450_Humidity_BD11.HHSV 1 2
  B_SVT_V450_Humidity_BD12.HHSV 1 2
  B_SVT_V450_Slot11_Dewpoint_Alm_BD1.HHSV 1 0
  B_SVT_V450_Slot11_Dewpoint_Alm_BD2.HHSV 1 0
  B_SVT_V450_Slot11_Dewpoint_Alm_BD3.HHSV 1 0
  B_SVT_V450_Slot11_Dewpoint_Alm_BD4.HHSV 1 0
  B_SVT_V450_Slot11_Dewpoint_Alm_BD5.HHSV 1 0
  B_SVT_V450_Slot11_Dewpoint_Alm_BD6.HHSV 1 0
  B_SVT_V450_Slot11_Dewpoint_Alm_BD7.HHSV 1 0
  B_SVT_V450_Slot11_Dewpoint_Alm_BD8.HHSV 1 0
  B_SVT_V450_Slot11_Dewpoint_BD1.HHSV 1 0
  B_SVT_V450_Slot11_Dewpoint_BD2.HHSV 1 0
  B_SVT_V450_Slot11_Dewpoint_BD3.HHSV 1 0
  B_SVT_V450_Slot11_Dewpoint_BD4.HHSV 1 0
  B_SVT_V450_Slot11_Dewpoint_BD5.HHSV 1 0
  B_SVT_V450_Slot11_Dewpoint_BD6.HHSV 1 0
  B_SVT_V450_Slot11_Dewpoint_BD7.HHSV 1 0
  B_SVT_V450_Slot11_Dewpoint_BD8.HHSV 1 0
  B_SVT_V450_Slot12_Dewpoint_Alm_BD1.HHSV 1 0
  B_SVT_V450_Slot12_Dewpoint_Alm_BD2.HHSV 1 0
  B_SVT_V450_Slot12_Dewpoint_Alm_BD3.HHSV 1 0
  B_SVT_V450_Slot12_Dewpoint_Alm_BD4.HHSV 1 0
  B_SVT_V450_Slot12_Dewpoint_Alm_BD5.HHSV 1 0
  B_SVT_V450_Slot12_Dewpoint_Alm_BD6.HHSV 1 0
  B_SVT_V450_Slot12_Dewpoint_Alm_BD7.HHSV 1 0
  B_SVT_V450_Slot12_Dewpoint_Alm_BD8.HHSV 1 0
  B_SVT_V450_Slot12_Dewpoint_BD1.HHSV 1 0
  B_SVT_V450_Slot12_Dewpoint_BD2.HHSV 1 0
  B_SVT_V450_Slot12_Dewpoint_BD3.HHSV 1 0
  B_SVT_V450_Slot12_Dewpoint_BD4.HHSV 1 0
  B_SVT_V450_Slot12_Dewpoint_BD5.HHSV 1 0
  B_SVT_V450_Slot12_Dewpoint_BD6.HHSV 1 0
  B_SVT_V450_Slot12_Dewpoint_BD7.HHSV 1 0
  B_SVT_V450_Slot12_Dewpoint_BD8.HHSV 1 0
  B_SVT_V450_Ambient_BD1.HSV 1 1
  B_SVT_V450_Ambient_BD2.HSV 1 1
  B_SVT_V450_Ambient_BD3.HSV 1 1
  B_SVT_V450_Ambient_BD4.HSV 1 1
  B_SVT_V450_Ambient_BD5.HSV 1 1
  B_SVT_V450_Ambient_BD6.HSV 1 1
  B_SVT_V450_Ambient_BD7.HSV 1 1
  B_SVT_V450_Ambient_BD8.HSV 1 1
  B_SVT_V450_Ambient_BD9.HSV 1 1
  B_SVT_V450_Ambient_BD10.HSV 1 1
  B_SVT_V450_Ambient_BD11.HSV 1 1
  B_SVT_V450_Ambient_BD12.HSV 1 1
  B_SVT_V450_Humidity_BD1.HSV 1 1
  B_SVT_V450_Humidity_BD2.HSV 1 1
  B_SVT_V450_Humidity_BD3.HSV 1 1
  B_SVT_V450_Humidity_BD4.HSV 1 1
  B_SVT_V450_Humidity_BD5.HSV 1 1
  B_SVT_V450_Humidity_BD6.HSV 1 1
  B_SVT_V450_Humidity_BD7.HSV 1 1
  B_SVT_V450_Humidity_BD8.HSV 1 1
  B_SVT_V450_Humidity_BD9.HSV 1 1
  B_SVT_V450_Humidity_BD10.HSV 1 1
  B_SVT_V450_Humidity_BD11.HSV 1 1
  B_SVT_V450_Humidity_BD12.HSV 1 1
  B_SVT_V450_Slot11_Dewpoint_Alm_BD1.HSV 1 0
  B_SVT_V450_Slot11_Dewpoint_Alm_BD2.HSV 1 0
  B_SVT_V450_Slot11_Dewpoint_Alm_BD3.HSV 1 0
  B_SVT_V450_Slot11_Dewpoint_Alm_BD4.HSV 1 0
  B_SVT_V450_Slot11_Dewpoint_Alm_BD5.HSV 1 0
  B_SVT_V450_Slot11_Dewpoint_Alm_BD6.HSV 1 0
  B_SVT_V450_Slot11_Dewpoint_Alm_BD7.HSV 1 0
  B_SVT_V450_Slot11_Dewpoint_Alm_BD8.HSV 1 0
  B_SVT_V450_Slot11_Dewpoint_BD1.HSV 1 0
  B_SVT_V450_Slot11_Dewpoint_BD2.HSV 1 0
  B_SVT_V450_Slot11_Dewpoint_BD3.HSV 1 0
  B_SVT_V450_Slot11_Dewpoint_BD4.HSV 1 0
  B_SVT_V450_Slot11_Dewpoint_BD5.HSV 1 0
  B_SVT_V450_Slot11_Dewpoint_BD6.HSV 1 0
  B_SVT_V450_Slot11_Dewpoint_BD7.HSV 1 0
  B_SVT_V450_Slot11_Dewpoint_BD8.HSV 1 0
  B_SVT_V450_Slot12_Dewpoint_Alm_BD1.HSV 1 0
  B_SVT_V450_Slot12_Dewpoint_Alm_BD2.HSV 1 0
  B_SVT_V450_Slot12_Dewpoint_Alm_BD3.HSV 1 0
  B_SVT_V450_Slot12_Dewpoint_Alm_BD4.HSV 1 0
  B_SVT_V450_Slot12_Dewpoint_Alm_BD5.HSV 1 0
  B_SVT_V450_Slot12_Dewpoint_Alm_BD6.HSV 1 0
  B_SVT_V450_Slot12_Dewpoint_Alm_BD7.HSV 1 0
  B_SVT_V450_Slot12_Dewpoint_Alm_BD8.HSV 1 0
  B_SVT_V450_Slot12_Dewpoint_BD1.HSV 1 0
  B_SVT_V450_Slot12_Dewpoint_BD2.HSV 1 0
  B_SVT_V450_Slot12_Dewpoint_BD3.HSV 1 0
  B_SVT_V450_Slot12_Dewpoint_BD4.HSV 1 0
  B_SVT_V450_Slot12_Dewpoint_BD5.HSV 1 0
  B_SVT_V450_Slot12_Dewpoint_BD6.HSV 1 0
  B_SVT_V450_Slot12_Dewpoint_BD7.HSV 1 0
  B_SVT_V450_Slot12_Dewpoint_BD8.HSV 1 0
  B_SVT_V450_Ambient_BD1.LLSV 1 2
  B_SVT_V450_Ambient_BD2.LLSV 1 2
  B_SVT_V450_Ambient_BD3.LLSV 1 2
  B_SVT_V450_Ambient_BD4.LLSV 1 2
  B_SVT_V450_Ambient_BD5.LLSV 1 2
  B_SVT_V450_Ambient_BD6.LLSV 1 2
  B_SVT_V450_Ambient_BD7.LLSV 1 2
  B_SVT_V450_Ambient_BD8.LLSV 1 2
  B_SVT_V450_Ambient_BD9.LLSV 1 2
  B_SVT_V450_Ambient_BD10.LLSV 1 2
  B_SVT_V450_Ambient_BD11.LLSV 1 2
  B_SVT_V450_Ambient_BD12.LLSV 1 2
  B_SVT_V450_Humidity_BD1.LLSV 1 2
  B_SVT_V450_Humidity_BD2.LLSV 1 2
  B_SVT_V450_Humidity_BD3.LLSV 1 2
  B_SVT_V450_Humidity_BD4.LLSV 1 2
  B_SVT_V450_Humidity_BD5.LLSV 1 2
  B_SVT_V450_Humidity_BD6.LLSV 1 2
  B_SVT_V450_Humidity_BD7.LLSV 1 2
  B_SVT_V450_Humidity_BD8.LLSV 1 2
  B_SVT_V450_Humidity_BD9.LLSV 1 2
  B_SVT_V450_Humidity_BD10.LLSV 1 2
  B_SVT_V450_Humidity_BD11.LLSV 1 2
  B_SVT_V450_Humidity_BD12.LLSV 1 2
  B_SVT_V450_Slot11_Dewpoint_Alm_BD1.LLSV 1 2
  B_SVT_V450_Slot11_Dewpoint_Alm_BD2.LLSV 1 2
  B_SVT_V450_Slot11_Dewpoint_Alm_BD3.LLSV 1 2
  B_SVT_V450_Slot11_Dewpoint_Alm_BD4.LLSV 1 2
  B_SVT_V450_Slot11_Dewpoint_Alm_BD5.LLSV 1 2
  B_SVT_V450_Slot11_Dewpoint_Alm_BD6.LLSV 1 2
  B_SVT_V450_Slot11_Dewpoint_Alm_BD7.LLSV 1 2
  B_SVT_V450_Slot11_Dewpoint_Alm_BD8.LLSV 1 2
  B_SVT_V450_Slot11_Dewpoint_BD1.LLSV 1 0
  B_SVT_V450_Slot11_Dewpoint_BD2.LLSV 1 0
  B_SVT_V450_Slot11_Dewpoint_BD3.LLSV 1 0
  B_SVT_V450_Slot11_Dewpoint_BD4.LLSV 1 0
  B_SVT_V450_Slot11_Dewpoint_BD5.LLSV 1 0
  B_SVT_V450_Slot11_Dewpoint_BD6.LLSV 1 0
  B_SVT_V450_Slot11_Dewpoint_BD7.LLSV 1 0
  B_SVT_V450_Slot11_Dewpoint_BD8.LLSV 1 0
  B_SVT_V450_Slot12_Dewpoint_Alm_BD1.LLSV 1 2
  B_SVT_V450_Slot12_Dewpoint_Alm_BD2.LLSV 1 2
  B_SVT_V450_Slot12_Dewpoint_Alm_BD3.LLSV 1 2
  B_SVT_V450_Slot12_Dewpoint_Alm_BD4.LLSV 1 2
  B_SVT_V450_Slot12_Dewpoint_Alm_BD5.LLSV 1 2
  B_SVT_V450_Slot12_Dewpoint_Alm_BD6.LLSV 1 2
  B_SVT_V450_Slot12_Dewpoint_Alm_BD7.LLSV 1 2
  B_SVT_V450_Slot12_Dewpoint_Alm_BD8.LLSV 1 2
  B_SVT_V450_Slot12_Dewpoint_BD1.LLSV 1 0
  B_SVT_V450_Slot12_Dewpoint_BD2.LLSV 1 0
  B_SVT_V450_Slot12_Dewpoint_BD3.LLSV 1 0
  B_SVT_V450_Slot12_Dewpoint_BD4.LLSV 1 0
  B_SVT_V450_Slot12_Dewpoint_BD5.LLSV 1 0
  B_SVT_V450_Slot12_Dewpoint_BD6.LLSV 1 0
  B_SVT_V450_Slot12_Dewpoint_BD7.LLSV 1 0
  B_SVT_V450_Slot12_Dewpoint_BD8.LLSV 1 0
  B_SVT_V450_Ambient_BD1.LSV 1 1
  B_SVT_V450_Ambient_BD2.LSV 1 1
  B_SVT_V450_Ambient_BD3.LSV 1 1
  B_SVT_V450_Ambient_BD4.LSV 1 1
  B_SVT_V450_Ambient_BD5.LSV 1 1
  B_SVT_V450_Ambient_BD6.LSV 1 1
  B_SVT_V450_Ambient_BD7.LSV 1 1
  B_SVT_V450_Ambient_BD8.LSV 1 1
  B_SVT_V450_Ambient_BD9.LSV 1 1
  B_SVT_V450_Ambient_BD10.LSV 1 1
  B_SVT_V450_Ambient_BD11.LSV 1 1
  B_SVT_V450_Ambient_BD12.LSV 1 1
  B_SVT_V450_Humidity_BD1.LSV 1 1
  B_SVT_V450_Humidity_BD2.LSV 1 1
  B_SVT_V450_Humidity_BD3.LSV 1 1
  B_SVT_V450_Humidity_BD4.LSV 1 1
  B_SVT_V450_Humidity_BD5.LSV 1 1
  B_SVT_V450_Humidity_BD6.LSV 1 1
  B_SVT_V450_Humidity_BD7.LSV 1 1
  B_SVT_V450_Humidity_BD8.LSV 1 1
  B_SVT_V450_Humidity_BD9.LSV 1 1
  B_SVT_V450_Humidity_BD10.LSV 1 1
  B_SVT_V450_Humidity_BD11.LSV 1 1
  B_SVT_V450_Humidity_BD12.LSV 1 1
  B_SVT_V450_Slot11_Dewpoint_Alm_BD1.LSV 1 1
  B_SVT_V450_Slot11_Dewpoint_Alm_BD2.LSV 1 1
  B_SVT_V450_Slot11_Dewpoint_Alm_BD3.LSV 1 1
  B_SVT_V450_Slot11_Dewpoint_Alm_BD4.LSV 1 1
  B_SVT_V450_Slot11_Dewpoint_Alm_BD5.LSV 1 1
  B_SVT_V450_Slot11_Dewpoint_Alm_BD6.LSV 1 1
  B_SVT_V450_Slot11_Dewpoint_Alm_BD7.LSV 1 1
  B_SVT_V450_Slot11_Dewpoint_Alm_BD8.LSV 1 1
  B_SVT_V450_Slot11_Dewpoint_BD1.LSV 1 0
  B_SVT_V450_Slot11_Dewpoint_BD2.LSV 1 0
  B_SVT_V450_Slot11_Dewpoint_BD3.LSV 1 0
  B_SVT_V450_Slot11_Dewpoint_BD4.LSV 1 0
  B_SVT_V450_Slot11_Dewpoint_BD5.LSV 1 0
  B_SVT_V450_Slot11_Dewpoint_BD6.LSV 1 0
  B_SVT_V450_Slot11_Dewpoint_BD7.LSV 1 0
  B_SVT_V450_Slot11_Dewpoint_BD8.LSV 1 0
  B_SVT_V450_Slot12_Dewpoint_Alm_BD1.LSV 1 1
  B_SVT_V450_Slot12_Dewpoint_Alm_BD2.LSV 1 1
  B_SVT_V450_Slot12_Dewpoint_Alm_BD3.LSV 1 1
  B_SVT_V450_Slot12_Dewpoint_Alm_BD4.LSV 1 1
  B_SVT_V450_Slot12_Dewpoint_Alm_BD5.LSV 1 1
  B_SVT_V450_Slot12_Dewpoint_Alm_BD6.LSV 1 1
  B_SVT_V450_Slot12_Dewpoint_Alm_BD7.LSV 1 1
  B_SVT_V450_Slot12_Dewpoint_Alm_BD8.LSV 1 1
  B_SVT_V450_Slot12_Dewpoint_BD1.LSV 1 0
  B_SVT_V450_Slot12_Dewpoint_BD2.LSV 1 0
  B_SVT_V450_Slot12_Dewpoint_BD3.LSV 1 0
  B_SVT_V450_Slot12_Dewpoint_BD4.LSV 1 0
  B_SVT_V450_Slot12_Dewpoint_BD5.LSV 1 0
  B_SVT_V450_Slot12_Dewpoint_BD6.LSV 1 0
  B_SVT_V450_Slot12_Dewpoint_BD7.LSV 1 0
  B_SVT_V450_Slot12_Dewpoint_BD8.LSV 1 0
  B_SVT_V450_Ambient_Master_sel.B1 1 0
  B_SVT_V450_Humidity_Master_sel.B1 1 0
  B_SVT_V450_Slot11_Dewpoint_Master_sel.B1 1 0
  B_SVT_V450_Slot12_Dewpoint_Master_sel.B1 1 0
  B_SVT_V450_Ambient_sel_BD1 1 0
  B_SVT_V450_Ambient_sel_BD2 1 0
  B_SVT_V450_Ambient_sel_BD3 1 0
  B_SVT_V450_Ambient_sel_BD4 1 0
  B_SVT_V450_Ambient_sel_BD5 1 0
  B_SVT_V450_Ambient_sel_BD6 1 0
  B_SVT_V450_Ambient_sel_BD7 1 0
  B_SVT_V450_Ambient_sel_BD8 1 0
  B_SVT_V450_Ambient_sel_BD9 1 0
  B_SVT_V450_Ambient_sel_BD10 1 0
  B_SVT_V450_Ambient_sel_BD11 1 0
  B_SVT_V450_Ambient_sel_BD12 1 0
  B_SVT_V450_Humidity_sel_BD1 1 0
  B_SVT_V450_Humidity_sel_BD2 1 0
  B_SVT_V450_Humidity_sel_BD3 1 0
  B_SVT_V450_Humidity_sel_BD4 1 0
  B_SVT_V450_Humidity_sel_BD5 1 0
  B_SVT_V450_Humidity_sel_BD6 1 0
  B_SVT_V450_Humidity_sel_BD7 1 0
  B_SVT_V450_Humidity_sel_BD8 1 0
  B_SVT_V450_Humidity_sel_BD9 1 0
  B_SVT_V450_Humidity_sel_BD10 1 0
  B_SVT_V450_Humidity_sel_BD11 1 0
  B_SVT_V450_Humidity_sel_BD12 1 0
  B_SVT_V450_Slot11_Dewpoint_sel_BD1 1 0
  B_SVT_V450_Slot11_Dewpoint_sel_BD2 1 0
  B_SVT_V450_Slot11_Dewpoint_sel_BD3 1 0
  B_SVT_V450_Slot11_Dewpoint_sel_BD4 1 0
  B_SVT_V450_Slot11_Dewpoint_sel_BD5 1 0
  B_SVT_V450_Slot11_Dewpoint_sel_BD6 1 0
  B_SVT_V450_Slot11_Dewpoint_sel_BD7 1 0
  B_SVT_V450_Slot11_Dewpoint_sel_BD8 1 0
  B_SVT_V450_Slot12_Dewpoint_sel_BD1 1 0
  B_SVT_V450_Slot12_Dewpoint_sel_BD2 1 0
  B_SVT_V450_Slot12_Dewpoint_sel_BD3 1 0
  B_SVT_V450_Slot12_Dewpoint_sel_BD4 1 0
  B_SVT_V450_Slot12_Dewpoint_sel_BD5 1 0
  B_SVT_V450_Slot12_Dewpoint_sel_BD6 1 0
  B_SVT_V450_Slot12_Dewpoint_sel_BD7 1 0
  B_SVT_V450_Slot12_Dewpoint_sel_BD8 1 0
  B_SVT_V450_Ambient_Master_sel.B0 1 0
  B_SVT_V450_Humidity_Master_sel.B0 1 0
  B_SVT_V450_Slot11_Dewpoint_Master_sel.B0 1 0
  B_SVT_V450_Slot12_Dewpoint_Master_sel.B0 1 0
  B_SVT_V450_Ambient_Master_sel.B2 1 0
  B_SVT_V450_Humidity_Master_sel.B2 1 0
  B_SVT_V450_Slot11_Dewpoint_Master_sel.B2 1 0
  B_SVT_V450_Slot12_Dewpoint_Master_sel.B2 1 0
  B_SVT_V450_Ambient_Master_sel.B3 1 0
  B_SVT_V450_Humidity_Master_sel.B3 1 0
  B_SVT_V450_Slot11_Dewpoint_Master_sel.B3 1 0
  B_SVT_V450_Slot12_Dewpoint_Master_sel.B3 1 0
  B_SVT_V450_Ambient_Master_sel.B4 1 0
  B_SVT_V450_Humidity_Master_sel.B4 1 0
  B_SVT_V450_Slot11_Dewpoint_Master_sel.B4 1 0
  B_SVT_V450_Slot12_Dewpoint_Master_sel.B4 1 0
  B_SVT_V450_Ambient_Master_sel.B5 1 0
  B_SVT_V450_Humidity_Master_sel.B5 1 0
  B_SVT_V450_Slot11_Dewpoint_Master_sel.B5 1 0
  B_SVT_V450_Slot12_Dewpoint_Master_sel.B5 1 0
  B_SVT_V450_Ambient_Master_sel.B7 1 0
  B_SVT_V450_Humidity_Master_sel.B7 1 0
  B_SVT_V450_Slot11_Dewpoint_Master_sel.B7 1 0
  B_SVT_V450_Slot12_Dewpoint_Master_sel.B7 1 0
  RO B_SVT_V450_Dewpoint_Master 1 0
  RO B_SVT_V450_Ambient_Master 1 0
  RO B_SVT_V450_Humidity_Master 1 0
  B_SVT_V450_Ambient_Master_sel.B8 1 0
  B_SVT_V450_Humidity_Master_sel.B8 1 0
  B_SVT_V450_Slot11_Dewpoint_Master_sel.B8 1 0
  B_SVT_V450_Slot12_Dewpoint_Master_sel.B8 1 0
  B_SVT_V450_Ambient_Master_sel.B9 1 0
  B_SVT_V450_Humidity_Master_sel.B9 1 0
  B_SVT_V450_Slot11_Dewpoint_Master_sel.B9 1 0
  B_SVT_V450_Slot12_Dewpoint_Master_sel.B9 1 0
  B_SVT_V450_Ambient_Master_sel.BA 1 0
  B_SVT_V450_Humidity_Master_sel.BA 1 0
  B_SVT_V450_Slot11_Dewpoint_Master_sel.BA 1 0
  B_SVT_V450_Slot12_Dewpoint_Master_sel.BA 1 0
  B_SVT_V450_Ambient_Master_sel.BB 1 0
  B_SVT_V450_Humidity_Master_sel.BB 1 0
  B_SVT_V450_Slot11_Dewpoint_Master_sel.BB 1 0
  B_SVT_V450_Slot12_Dewpoint_Master_sel.BB 1 0
--- Start Burt header
Time: Wed Mar 16 15:26:22 2016
Login ID: withers (Sue Witherspoon,,,)
Eff UID: 766
Group ID: 106
Keywords:
Comments:
Type: Absolute
App: myRestore 2.6.1
Req File: svtCoolant
--- End Burt header
  RO B_SVT_Cool_Inlet_Flow 1 0.585241
  RO B_SVT_Cool_Inlet_Pres 1 6.55204
  RO B_SVT_Cool_Inlet_Temp 1 17.9704
  RO B_SVT_Cool_Outlet_Flow 1 1.99376
  RO B_SVT_R4_Cool_Flow 1 2.05232
  B_SVT_Cool_Inlet_Flow.HIHI 1 0
  B_SVT_Cool_Inlet_Pres.HIHI 1 0
  B_SVT_Cool_Inlet_Temp.HIHI 1 0
  B_SVT_Cool_Outlet_Flow.HIHI 1 0
  B_SVT_R4_Cool_Flow.HIHI 1 0
  B_SVT_Cool_Inlet_Flow.HIGH 1 0
  B_SVT_Cool_Inlet_Pres.HIGH 1 0
  B_SVT_Cool_Inlet_Temp.HIGH 1 0
  B_SVT_Cool_Outlet_Flow.HIGH 1 0
  B_SVT_R4_Cool_Flow.HIGH 1 0
  B_SVT_Cool_Inlet_Flow.LOW 1 0
  B_SVT_Cool_Inlet_Pres.LOW 1 0
  B_SVT_Cool_Inlet_Temp.LOW 1 0
  B_SVT_Cool_Outlet_Flow.LOW 1 0
  B_SVT_R4_Cool_Flow.LOW 1 0
  B_SVT_Cool_Inlet_Flow.LOLO 1 0
  B_SVT_Cool_Inlet_Pres.LOLO 1 0
  B_SVT_Cool_Inlet_Temp.LOLO 1 0
  B_SVT_Cool_Outlet_Flow.LOLO 1 0
  B_SVT_R4_Cool_Flow.LOLO 1 0
  B_SVT_Cool_Inlet_Flow.HHSV 1 0
  B_SVT_Cool_Inlet_Pres.HHSV 1 0
  B_SVT_Cool_Inlet_Temp.HHSV 1 0
  B_SVT_Cool_Outlet_Flow.HHSV 1 0
  B_SVT_R4_Cool_Flow.HHSV 1 0
  B_SVT_Cool_Inlet_Flow.LLSV 1 0
  B_SVT_Cool_Inlet_Pres.LLSV 1 0
  B_SVT_Cool_Inlet_Temp.LLSV 1 0
  B_SVT_Cool_Outlet_Flow.LLSV 1 0
  B_SVT_R4_Cool_Flow.LLSV 1 0
  B_SVT_Cool_Inlet_Flow.HSV 1 0
  B_SVT_Cool_Inlet_Pres.HSV 1 0
  B_SVT_Cool_Inlet_Temp.HSV 1 0
  B_SVT_Cool_Outlet_Flow.HSV 1 0
  B_SVT_R4_Cool_Flow.HSV 1 0
  B_SVT_Cool_Inlet_Flow.LSV 1 0
  B_SVT_Cool_Inlet_Pres.LSV 1 0
  B_SVT_Cool_Inlet_Temp.LSV 1 0
  B_SVT_Cool_Outlet_Flow.LSV 1 0
  B_SVT_R4_Cool_Flow.LSV 1 0
  B_SVT_Cool_Inlet_Flow:sel 1 0
  B_SVT_Cool_Outlet_Flow:sel 1 0
  B_SVT_Cool_Inlet_Temp:sel 1 0
  B_SVT_R4_Cool_Flow:sel 1 0
  RO B_SVT_Cool_Inlet_Flow:Alm 1 3
  RO B_SVT_Cool_Outlet_Flow:Alm 1 3
  RO B_SVT_Cool_Inlet_Temp:Alm 1 15
  RO B_SVT_R4_Cool_Flow:Alm 1 3
